Archive member included to satisfy reference by file (symbol)

/opt/gcc-arm-none-eabi/bin/../lib/gcc/arm-none-eabi/12.2.0/../../../../arm-none-eabi/lib/thumb/v7e-m/nofp/libg_nano.a(libc_a-exit.o)
                              /opt/gcc-arm-none-eabi/bin/../lib/gcc/arm-none-eabi/12.2.0/../../../../arm-none-eabi/lib/thumb/v7e-m/nofp/crt0.o (exit)
/opt/gcc-arm-none-eabi/bin/../lib/gcc/arm-none-eabi/12.2.0/../../../../arm-none-eabi/lib/thumb/v7e-m/nofp/libg_nano.a(libc_a-init.o)
                              /opt/gcc-arm-none-eabi/bin/../lib/gcc/arm-none-eabi/12.2.0/../../../../arm-none-eabi/lib/thumb/v7e-m/nofp/crt0.o (__libc_init_array)
/opt/gcc-arm-none-eabi/bin/../lib/gcc/arm-none-eabi/12.2.0/../../../../arm-none-eabi/lib/thumb/v7e-m/nofp/libg_nano.a(libc_a-printf.o)
                              src/obj/main.o (printf)
/opt/gcc-arm-none-eabi/bin/../lib/gcc/arm-none-eabi/12.2.0/../../../../arm-none-eabi/lib/thumb/v7e-m/nofp/libg_nano.a(libc_a-nano-vfprintf.o)
                              /opt/gcc-arm-none-eabi/bin/../lib/gcc/arm-none-eabi/12.2.0/../../../../arm-none-eabi/lib/thumb/v7e-m/nofp/libg_nano.a(libc_a-printf.o) (_vfprintf_r)
/opt/gcc-arm-none-eabi/bin/../lib/gcc/arm-none-eabi/12.2.0/../../../../arm-none-eabi/lib/thumb/v7e-m/nofp/libg_nano.a(libc_a-wbuf.o)
                              /opt/gcc-arm-none-eabi/bin/../lib/gcc/arm-none-eabi/12.2.0/../../../../arm-none-eabi/lib/thumb/v7e-m/nofp/libg_nano.a(libc_a-nano-vfprintf.o) (__swbuf_r)
/opt/gcc-arm-none-eabi/bin/../lib/gcc/arm-none-eabi/12.2.0/../../../../arm-none-eabi/lib/thumb/v7e-m/nofp/libg_nano.a(libc_a-wsetup.o)
                              /opt/gcc-arm-none-eabi/bin/../lib/gcc/arm-none-eabi/12.2.0/../../../../arm-none-eabi/lib/thumb/v7e-m/nofp/libg_nano.a(libc_a-nano-vfprintf.o) (__swsetup_r)
/opt/gcc-arm-none-eabi/bin/../lib/gcc/arm-none-eabi/12.2.0/../../../../arm-none-eabi/lib/thumb/v7e-m/nofp/libg_nano.a(libc_a-nano-vfprintf_i.o)
                              /opt/gcc-arm-none-eabi/bin/../lib/gcc/arm-none-eabi/12.2.0/../../../../arm-none-eabi/lib/thumb/v7e-m/nofp/libg_nano.a(libc_a-nano-vfprintf.o) (_printf_i)
/opt/gcc-arm-none-eabi/bin/../lib/gcc/arm-none-eabi/12.2.0/../../../../arm-none-eabi/lib/thumb/v7e-m/nofp/libg_nano.a(libc_a-impure.o)
                              /opt/gcc-arm-none-eabi/bin/../lib/gcc/arm-none-eabi/12.2.0/../../../../arm-none-eabi/lib/thumb/v7e-m/nofp/libg_nano.a(libc_a-printf.o) (_impure_ptr)
/opt/gcc-arm-none-eabi/bin/../lib/gcc/arm-none-eabi/12.2.0/../../../../arm-none-eabi/lib/thumb/v7e-m/nofp/libg_nano.a(libc_a-fflush.o)
                              /opt/gcc-arm-none-eabi/bin/../lib/gcc/arm-none-eabi/12.2.0/../../../../arm-none-eabi/lib/thumb/v7e-m/nofp/libg_nano.a(libc_a-wbuf.o) (_fflush_r)
/opt/gcc-arm-none-eabi/bin/../lib/gcc/arm-none-eabi/12.2.0/../../../../arm-none-eabi/lib/thumb/v7e-m/nofp/libg_nano.a(libc_a-memchr.o)
                              /opt/gcc-arm-none-eabi/bin/../lib/gcc/arm-none-eabi/12.2.0/../../../../arm-none-eabi/lib/thumb/v7e-m/nofp/libg_nano.a(libc_a-nano-vfprintf.o) (memchr)
/opt/gcc-arm-none-eabi/bin/../lib/gcc/arm-none-eabi/12.2.0/../../../../arm-none-eabi/lib/thumb/v7e-m/nofp/libg_nano.a(libc_a-findfp.o)
                              /opt/gcc-arm-none-eabi/bin/../lib/gcc/arm-none-eabi/12.2.0/../../../../arm-none-eabi/lib/thumb/v7e-m/nofp/libg_nano.a(libc_a-fflush.o) (__sglue)
/opt/gcc-arm-none-eabi/bin/../lib/gcc/arm-none-eabi/12.2.0/../../../../arm-none-eabi/lib/thumb/v7e-m/nofp/libg_nano.a(libc_a-stdio.o)
                              /opt/gcc-arm-none-eabi/bin/../lib/gcc/arm-none-eabi/12.2.0/../../../../arm-none-eabi/lib/thumb/v7e-m/nofp/libg_nano.a(libc_a-findfp.o) (__sread)
/opt/gcc-arm-none-eabi/bin/../lib/gcc/arm-none-eabi/12.2.0/../../../../arm-none-eabi/lib/thumb/v7e-m/nofp/libg_nano.a(libc_a-writer.o)
                              /opt/gcc-arm-none-eabi/bin/../lib/gcc/arm-none-eabi/12.2.0/../../../../arm-none-eabi/lib/thumb/v7e-m/nofp/libg_nano.a(libc_a-stdio.o) (_write_r)
/opt/gcc-arm-none-eabi/bin/../lib/gcc/arm-none-eabi/12.2.0/../../../../arm-none-eabi/lib/thumb/v7e-m/nofp/libg_nano.a(libc_a-errno.o)
                              src/obj/syscalls.o (__errno)
/opt/gcc-arm-none-eabi/bin/../lib/gcc/arm-none-eabi/12.2.0/../../../../arm-none-eabi/lib/thumb/v7e-m/nofp/libg_nano.a(libc_a-fvwrite.o)
                              /opt/gcc-arm-none-eabi/bin/../lib/gcc/arm-none-eabi/12.2.0/../../../../arm-none-eabi/lib/thumb/v7e-m/nofp/libg_nano.a(libc_a-nano-vfprintf.o) (__sfvwrite_r)
/opt/gcc-arm-none-eabi/bin/../lib/gcc/arm-none-eabi/12.2.0/../../../../arm-none-eabi/lib/thumb/v7e-m/nofp/libg_nano.a(libc_a-fwalk.o)
                              /opt/gcc-arm-none-eabi/bin/../lib/gcc/arm-none-eabi/12.2.0/../../../../arm-none-eabi/lib/thumb/v7e-m/nofp/libg_nano.a(libc_a-fflush.o) (_fwalk_sglue)
/opt/gcc-arm-none-eabi/bin/../lib/gcc/arm-none-eabi/12.2.0/../../../../arm-none-eabi/lib/thumb/v7e-m/nofp/libg_nano.a(libc_a-memmove.o)
[...]
Memory Configuration

Name             Origin             Length             Attributes
SRAM             0x20000000         0x00018000         xrw
FLASH            0x08000000         0x00080000         xr
*default*        0x00000000         0xffffffff

Linker script and memory map

LOAD /opt/gcc-arm-none-eabi/bin/../lib/gcc/arm-none-eabi/12.2.0/thumb/v7e-m/nofp/crti.o
LOAD /opt/gcc-arm-none-eabi/bin/../lib/gcc/arm-none-eabi/12.2.0/thumb/v7e-m/nofp/crtbegin.o
LOAD /opt/gcc-arm-none-eabi/bin/../lib/gcc/arm-none-eabi/12.2.0/../../../../arm-none-eabi/lib/thumb/v7e-m/nofp/crt0.o
LOAD src/obj/main.o
LOAD src/obj/syscalls.o
LOAD src/obj/startup_STM32F401RE.o
START GROUP
LOAD /opt/gcc-arm-none-eabi/bin/../lib/gcc/arm-none-eabi/12.2.0/thumb/v7e-m/nofp/libgcc.a
LOAD /opt/gcc-arm-none-eabi/bin/../lib/gcc/arm-none-eabi/12.2.0/../../../../arm-none-eabi/lib/thumb/v7e-m/nofp/libg_nano.a
LOAD /opt/gcc-arm-none-eabi/bin/../lib/gcc/arm-none-eabi/12.2.0/../../../../arm-none-eabi/lib/thumb/v7e-m/nofp/libc_nano.a
END GROUP
START GROUP
LOAD /opt/gcc-arm-none-eabi/bin/../lib/gcc/arm-none-eabi/12.2.0/thumb/v7e-m/nofp/libgcc.a
LOAD /opt/gcc-arm-none-eabi/bin/../lib/gcc/arm-none-eabi/12.2.0/../../../../arm-none-eabi/lib/thumb/v7e-m/nofp/libc_nano.a
END GROUP
LOAD /opt/gcc-arm-none-eabi/bin/../lib/gcc/arm-none-eabi/12.2.0/thumb/v7e-m/nofp/crtend.o
LOAD /opt/gcc-arm-none-eabi/bin/../lib/gcc/arm-none-eabi/12.2.0/thumb/v7e-m/nofp/crtn.o
                0x20018000                        _estack = (ORIGIN (SRAM) + LENGTH (SRAM))

.isr_vector     0x08000000      0x194
                0x08000000                        . = ALIGN (0x4)
 *(.isr_vector)
 .isr_vector    0x08000000      0x194 src/obj/startup_STM32F401RE.o
                0x08000000                fpn_vector
                0x08000194                        . = ALIGN (0x4)

.eh_frame       0x08000194       0x48
 .eh_frame      0x08000194        0x0 /opt/gcc-arm-none-eabi/bin/../lib/gcc/arm-none-eabi/12.2.0/thumb/v7e-m/nofp/crtbegin.o
 .eh_frame      0x08000194       0x44 /opt/gcc-arm-none-eabi/bin/../lib/gcc/arm-none-eabi/12.2.0/../../../../arm-none-eabi/lib/thumb/v7e-m/nofp/libg_nano.a(libc_a-memchr.o)
 .eh_frame      0x080001d8        0x4 /opt/gcc-arm-none-eabi/bin/../lib/gcc/arm-none-eabi/12.2.0/thumb/v7e-m/nofp/crtend.o

.ARM.extab      0x080001dc        0x0
 .ARM.extab     0x080001dc        0x0 /opt/gcc-arm-none-eabi/bin/../lib/gcc/arm-none-eabi/12.2.0/../../../../arm-none-eabi/lib/thumb/v7e-m/nofp/crt0.o
 .ARM.extab     0x080001dc        0x0 /opt/gcc-arm-none-eabi/bin/../lib/gcc/arm-none-eabi/12.2.0/../../../../arm-none-eabi/lib/thumb/v7e-m/nofp/libg_nano.a(libc_a-memchr.o)

.ARM.exidx      0x080001dc        0x8
 .ARM.exidx     0x080001dc        0x8 /opt/gcc-arm-none-eabi/bin/../lib/gcc/arm-none-eabi/12.2.0/../../../../arm-none-eabi/lib/thumb/v7e-m/nofp/crt0.o
                                 0x10 (size before relaxing)
 .ARM.exidx     0x080001e4        0x0 /opt/gcc-arm-none-eabi/bin/../lib/gcc/arm-none-eabi/12.2.0/../../../../arm-none-eabi/lib/thumb/v7e-m/nofp/libg_nano.a(libc_a-memchr.o)
                                  0x8 (size before relaxing)

.text           0x080001f0     0x1bc0
                0x080001f0                        . = ALIGN (0x4)
 *(.text)
 .text          0x080001f0        0x0 /opt/gcc-arm-none-eabi/bin/../lib/gcc/arm-none-eabi/12.2.0/thumb/v7e-m/nofp/crti.o
 .text          0x080001f0        0x0 /opt/gcc-arm-none-eabi/bin/../lib/gcc/arm-none-eabi/12.2.0/thumb/v7e-m/nofp/crtbegin.o
 .text          0x080001f0       0x7c /opt/gcc-arm-none-eabi/bin/../lib/gcc/arm-none-eabi/12.2.0/../../../../arm-none-eabi/lib/thumb/v7e-m/nofp/crt0.o
                0x080001f0                _stack_init
                0x080001f8                _mainCRTStartup
                0x080001f8                _start
 .text          0x0800026c      0x114 src/obj/main.o
                0x0800026c                wait_ms
                0x080002a8                main
 .text          0x08000380      0x404 src/obj/syscalls.o
                0x08000380                UART_GPIO_init
                0x08000424                UART_CONFIG_init
                0x080004cc                UART_write
                0x080004fc                UART_read
                0x08000524                initialise_monitor_handles
                0x08000534                _getpid
                0x08000542                _kill
                0x08000562                _exit
                0x08000578                _read
                0x080005b2                _write
                0x080005ea                _close
                0x08000600                _fstat
                0x0800061e                _isatty
                0x08000632                _lseek
                0x0800064a                _open
                0x08000664                _wait
                0x08000682                _unlink
                0x080006a0                _times
                0x080006b6                _stat
                0x080006d4                _link
                0x080006f4                _fork
                0x0800070a                _execve
                0x0800072c                _sbrk
 .text          0x08000784       0x6c src/obj/startup_STM32F401RE.o
                0x08000784                Reset_handler
                0x080007e8                UART2_handler
                0x080007e8                EXTI15_10_handler
                0x080007e8                DMA1_Stream7_handler
                0x080007e8                UART1_handler
                0x080007e8                TIM1_UP_TIM10_handler
                0x080007e8                EXTI0_handler
                0x080007e8                DMA1_Stream1_handler
                0x080007e8                SDIO_handler
                0x080007e8                NMI_handler
                0x080007e8                DMA2_Stream3_handler
                0x080007e8                TIM2_handler
                0x080007e8                SPI3_handler
                0x080007e8                TIM3_handler
                0x080007e8                WWDG_handler
                0x080007e8                UART6_handler
                0x080007e8                SPI2_handler
                0x080007e8                UsuageFault_handler
                0x080007e8                SVCall_handler
                0x080007e8                DMA2_Stream6_handler
                0x080007e8                DebugMonitor_handler
                0x080007e8                I2C3_ER_handler
                0x080007e8                DMA1_Stream3_handler
                0x080007e8                MemManage_handler
                0x080007e8                SPI4_handler
                0x080007e8                HardFault_handler
                0x080007e8                DMA1_Stream5_handler
                0x080007e8                FPU_handler
                0x080007e8                DMA2_Stream5_handler
                0x080007e8                EXITI21_TAMP_STAMP_handler
                0x080007e8                EXTI18_OTG_FS_WKUP_handler
                0x080007e8                RCC_handler
                0x080007e8                Systick_handler
                0x080007e8                EXTI2_handler
                0x080007e8                DMA2_Stream1_handler
                0x080007e8                I2C1_ER_handler
                0x080007e8                EXTI9_5__handler
                0x080007e8                EXTI17_RTC_Alarm_handler
                0x080007e8                I2C2_EV_handler
                0x080007e8                EXITI22_RTC_WKUP_handler
                0x080007e8                EXTI3_handler
                0x080007e8                DMA2_Stream0_handler
                0x080007e8                FLASH_handler
                0x080007e8                OTG_FS_handler
                0x080007e8                DMA1_Stream4_handler
                0x080007e8                I2C2_ER_handler
                0x080007e8                TIM1_BRK_TIM9_handler
                0x080007e8                TIM4_handler
                0x080007e8                DMA1_Stream2_handler
                0x080007e8                EXTI4_handler
                0x080007e8                DMA1_Stream6_handler
                0x080007e8                ADC_handler
                0x080007e8                I2C1_EV_handler
                0x080007e8                SPI1_handler
                0x080007e8                DMA2_Stream4_handler
                0x080007e8                PendSV_handler
                0x080007e8                DMA2_Stream7_handler
                0x080007e8                DMA1_Stream0_handler
                0x080007e8                DMA2_Stream2_handler
                0x080007e8                EXTI1_handler
                0x080007e8                TIM1_TRG_COM_TIM11_handler
                0x080007e8                TIM5_handler
                0x080007e8                EXITI16_PVD__handler
                0x080007e8                I2C3_EV_handler
                0x080007e8                BusFault_handler
                0x080007e8                TIM1_CC_handler
                0x080007e8                Default_handler
 .text          0x080007f0        0x0 /opt/gcc-arm-none-eabi/bin/../lib/gcc/arm-none-eabi/12.2.0/../../../../arm-none-eabi/lib/thumb/v7e-m/nofp/libg_nano.a(libc_a-exit.o)
 .text          0x080007f0        0x0 /opt/gcc-arm-none-eabi/bin/../lib/gcc/arm-none-eabi/12.2.0/../../../../arm-none-eabi/lib/thumb/v7e-m/nofp/libg_nano.a(libc_a-init.o)
 .text          0x080007f0        0x0 /opt/gcc-arm-none-eabi/bin/../lib/gcc/arm-none-eabi/12.2.0/../../../../arm-none-eabi/lib/thumb/v7e-m/nofp/libg_nano.a(libc_a-printf.o)
 .text          0x080007f0        0x0 /opt/gcc-arm-none-eabi/bin/../lib/gcc/arm-none-eabi/12.2.0/../../../../arm-none-eabi/lib/thumb/v7e-m/nofp/libg_nano.a(libc_a-nano-vfprintf.o)
 .text          0x080007f0        0x0 /opt/gcc-arm-none-eabi/bin/../lib/gcc/arm-none-eabi/12.2.0/../../../../arm-none-eabi/lib/thumb/v7e-m/nofp/libg_nano.a(libc_a-wbuf.o)
 .text          0x080007f0        0x0 /opt/gcc-arm-none-eabi/bin/../lib/gcc/arm-none-eabi/12.2.0/../../../../arm-none-eabi/lib/thumb/v7e-m/nofp/libg_nano.a(libc_a-wsetup.o)
 .text          0x080007f0        0x0 /opt/gcc-arm-none-eabi/bin/../lib/gcc/arm-none-eabi/12.2.0/../../../../arm-none-eabi/lib/thumb/v7e-m/nofp/libg_nano.a(libc_a-nano-vfprintf_i.o)
 .text          0x080007f0        0x0 /opt/gcc-arm-none-eabi/bin/../lib/gcc/arm-none-eabi/12.2.0/../../../../arm-none-eabi/lib/thumb/v7e-m/nofp/libg_nano.a(libc_a-impure.o)
 .text          0x080007f0        0x0 /opt/gcc-arm-none-eabi/bin/../lib/gcc/arm-none-eabi/12.2.0/../../../../arm-none-eabi/lib/thumb/v7e-m/nofp/libg_nano.a(libc_a-fflush.o)
 .text          0x080007f0       0xa0 /opt/gcc-arm-none-eabi/bin/../lib/gcc/arm-none-eabi/12.2.0/../../../../arm-none-eabi/lib/thumb/v7e-m/nofp/libg_nano.a(libc_a-memchr.o)
                0x080007f0                memchr
 .text          0x08000890        0x0 /opt/gcc-arm-none-eabi/bin/../lib/gcc/arm-none-eabi/12.2.0/../../../../arm-none-eabi/lib/thumb/v7e-m/nofp/libg_nano.a(libc_a-findfp.o)
 .text          0x08000890        0x0 /opt/gcc-arm-none-eabi/bin/../lib/gcc/arm-none-eabi/12.2.0/../../../../arm-none-eabi/lib/thumb/v7e-m/nofp/libg_nano.a(libc_a-stdio.o)
 .text          0x08000890        0x0 /opt/gcc-arm-none-eabi/bin/../lib/gcc/arm-none-eabi/12.2.0/../../../../arm-none-eabi/lib/thumb/v7e-m/nofp/libg_nano.a(libc_a-writer.o)
 .text          0x08000890        0x0 /opt/gcc-arm-none-eabi/bin/../lib/gcc/arm-none-eabi/12.2.0/../../../../arm-none-eabi/lib/thumb/v7e-m/nofp/libg_nano.a(libc_a-errno.o)
 .text          0x08000890        0x0 /opt/gcc-arm-none-eabi/bin/../lib/gcc/arm-none-eabi/12.2.0/../../../../arm-none-eabi/lib/thumb/v7e-m/nofp/libg_nano.a(libc_a-fvwrite.o)
 .text          0x08000890        0x0 /opt/gcc-arm-none-eabi/bin/../lib/gcc/arm-none-eabi/12.2.0/../../../../arm-none-eabi/lib/thumb/v7e-m/nofp/libg_nano.a(libc_a-fwalk.o)
 .text          0x08000890        0x0 /opt/gcc-arm-none-eabi/bin/../lib/gcc/arm-none-eabi/12.2.0/../../../../arm-none-eabi/lib/thumb/v7e-m/nofp/libg_nano.a(libc_a-memmove.o)
 .text          0x08000890        0x0 /opt/gcc-arm-none-eabi/bin/../lib/gcc/arm-none-eabi/12.2.0/../../../../arm-none-eabi/lib/thumb/v7e-m/nofp/libg_nano.a(libc_a-memset.o)
 .text          0x08000890        0x0 /opt/gcc-arm-none-eabi/bin/../lib/gcc/arm-none-eabi/12.2.0/../../../../arm-none-eabi/lib/thumb/v7e-m/nofp/libg_nano.a(libc_a-reallocr.o)
 .text          0x08000890        0x0 /opt/gcc-arm-none-eabi/bin/../lib/gcc/arm-none-eabi/12.2.0/../../../../arm-none-eabi/lib/thumb/v7e-m/nofp/libg_nano.a(libc_a-freer.o)
 .text          0x08000890        0x0 /opt/gcc-arm-none-eabi/bin/../lib/gcc/arm-none-eabi/12.2.0/../../../../arm-none-eabi/lib/thumb/v7e-m/nofp/libg_nano.a(libc_a-lock.o)
 .text          0x08000890        0x0 /opt/gcc-arm-none-eabi/bin/../lib/gcc/arm-none-eabi/12.2.0/../../../../arm-none-eabi/lib/thumb/v7e-m/nofp/libg_nano.a(libc_a-makebuf.o)
 .text          0x08000890        0x0 /opt/gcc-arm-none-eabi/bin/../lib/gcc/arm-none-eabi/12.2.0/../../../../arm-none-eabi/lib/thumb/v7e-m/nofp/libg_nano.a(libc_a-closer.o)
 .text          0x08000890        0x0 /opt/gcc-arm-none-eabi/bin/../lib/gcc/arm-none-eabi/12.2.0/../../../../arm-none-eabi/lib/thumb/v7e-m/nofp/libg_nano.a(libc_a-reent.o)
 .text          0x08000890        0x0 /opt/gcc-arm-none-eabi/bin/../lib/gcc/arm-none-eabi/12.2.0/../../../../arm-none-eabi/lib/thumb/v7e-m/nofp/libg_nano.a(libc_a-memcpy-stub.o)
 .text          0x08000890        0x0 /opt/gcc-arm-none-eabi/bin/../lib/gcc/arm-none-eabi/12.2.0/../../../../arm-none-eabi/lib/thumb/v7e-m/nofp/libg_nano.a(libc_a-mallocr.o)
 .text          0x08000890        0x0 /opt/gcc-arm-none-eabi/bin/../lib/gcc/arm-none-eabi/12.2.0/../../../../arm-none-eabi/lib/thumb/v7e-m/nofp/libg_nano.a(libc_a-fstatr.o)
 .text          0x08000890        0x0 /opt/gcc-arm-none-eabi/bin/../lib/gcc/arm-none-eabi/12.2.0/../../../../arm-none-eabi/lib/thumb/v7e-m/nofp/libg_nano.a(libc_a-isattyr.o)
 .text          0x08000890        0x0 /opt/gcc-arm-none-eabi/bin/../lib/gcc/arm-none-eabi/12.2.0/../../../../arm-none-eabi/lib/thumb/v7e-m/nofp/libg_nano.a(libc_a-lseekr.o)
 .text          0x08000890        0x0 /opt/gcc-arm-none-eabi/bin/../lib/gcc/arm-none-eabi/12.2.0/../../../../arm-none-eabi/lib/thumb/v7e-m/nofp/libg_nano.a(libc_a-readr.o)
 .text          0x08000890        0x0 /opt/gcc-arm-none-eabi/bin/../lib/gcc/arm-none-eabi/12.2.0/../../../../arm-none-eabi/lib/thumb/v7e-m/nofp/libg_nano.a(libc_a-mlock.o)
 .text          0x08000890        0x0 /opt/gcc-arm-none-eabi/bin/../lib/gcc/arm-none-eabi/12.2.0/../../../../arm-none-eabi/lib/thumb/v7e-m/nofp/libg_nano.a(libc_a-msizer.o)
 .text          0x08000890        0x0 /opt/gcc-arm-none-eabi/bin/../lib/gcc/arm-none-eabi/12.2.0/../../../../arm-none-eabi/lib/thumb/v7e-m/nofp/libg_nano.a(libc_a-sbrkr.o)
 .text          0x08000890        0x0 /opt/gcc-arm-none-eabi/bin/../lib/gcc/arm-none-eabi/12.2.0/thumb/v7e-m/nofp/crtend.o
 .text          0x08000890        0x0 /opt/gcc-arm-none-eabi/bin/../lib/gcc/arm-none-eabi/12.2.0/thumb/v7e-m/nofp/crtn.o
 *(.text.*)
 .text.deregister_tm_clones
                0x08000890       0x1c /opt/gcc-arm-none-eabi/bin/../lib/gcc/arm-none-eabi/12.2.0/thumb/v7e-m/nofp/crtbegin.o
 .text.register_tm_clones
                0x080008ac       0x24 /opt/gcc-arm-none-eabi/bin/../lib/gcc/arm-none-eabi/12.2.0/thumb/v7e-m/nofp/crtbegin.o
 .text.__do_global_dtors_aux
                0x080008d0       0x28 /opt/gcc-arm-none-eabi/bin/../lib/gcc/arm-none-eabi/12.2.0/thumb/v7e-m/nofp/crtbegin.o
 .text.frame_dummy
                0x080008f8       0x24 /opt/gcc-arm-none-eabi/bin/../lib/gcc/arm-none-eabi/12.2.0/thumb/v7e-m/nofp/crtbegin.o
 .text.exit     0x0800091c       0x24 /opt/gcc-arm-none-eabi/bin/../lib/gcc/arm-none-eabi/12.2.0/../../../../arm-none-eabi/lib/thumb/v7e-m/nofp/libg_nano.a(libc_a-exit.o)
                0x0800091c                exit
 .text.__libc_init_array
                0x08000940       0x48 /opt/gcc-arm-none-eabi/bin/../lib/gcc/arm-none-eabi/12.2.0/../../../../arm-none-eabi/lib/thumb/v7e-m/nofp/libg_nano.a(libc_a-init.o)
                0x08000940                __libc_init_array
 .text._printf_r
                0x08000988       0x1c /opt/gcc-arm-none-eabi/bin/../lib/gcc/arm-none-eabi/12.2.0/../../../../arm-none-eabi/lib/thumb/v7e-m/nofp/libg_nano.a(libc_a-printf.o)
                0x08000988                _printf_r
                0x08000988                _iprintf_r
 .text.printf   0x080009a4       0x24 /opt/gcc-arm-none-eabi/bin/../lib/gcc/arm-none-eabi/12.2.0/../../../../arm-none-eabi/lib/thumb/v7e-m/nofp/libg_nano.a(libc_a-printf.o)
                0x080009a4                printf
                0x080009a4                iprintf
 .text.__sfputc_r
                0x080009c8       0x2a /opt/gcc-arm-none-eabi/bin/../lib/gcc/arm-none-eabi/12.2.0/../../../../arm-none-eabi/lib/thumb/v7e-m/nofp/libg_nano.a(libc_a-nano-vfprintf.o)
 .text.__sfputs_r
                0x080009f2       0x24 /opt/gcc-arm-none-eabi/bin/../lib/gcc/arm-none-eabi/12.2.0/../../../../arm-none-eabi/lib/thumb/v7e-m/nofp/libg_nano.a(libc_a-nano-vfprintf.o)
                0x080009f2                __sfputs_r
 .text.__sprint_r
                0x08000a16       0x1a /opt/gcc-arm-none-eabi/bin/../lib/gcc/arm-none-eabi/12.2.0/../../../../arm-none-eabi/lib/thumb/v7e-m/nofp/libg_nano.a(libc_a-nano-vfprintf.o)
                0x08000a16                __sprint_r
 .text._vfprintf_r
                0x08000a30      0x230 /opt/gcc-arm-none-eabi/bin/../lib/gcc/arm-none-eabi/12.2.0/../../../../arm-none-eabi/lib/thumb/v7e-m/nofp/libg_nano.a(libc_a-nano-vfprintf.o)
                0x08000a30                _vfiprintf_r
                0x08000a30                _vfprintf_r
 .text.vfprintf
                0x08000c60       0x14 /opt/gcc-arm-none-eabi/bin/../lib/gcc/arm-none-eabi/12.2.0/../../../../arm-none-eabi/lib/thumb/v7e-m/nofp/libg_nano.a(libc_a-nano-vfprintf.o)
                0x08000c60                vfiprintf
                0x08000c60                vfprintf
 .text.__swbuf_r
                0x08000c74       0x7c /opt/gcc-arm-none-eabi/bin/../lib/gcc/arm-none-eabi/12.2.0/../../../../arm-none-eabi/lib/thumb/v7e-m/nofp/libg_nano.a(libc_a-wbuf.o)
                0x08000c74                __swbuf_r
 .text.__swbuf  0x08000cf0       0x10 /opt/gcc-arm-none-eabi/bin/../lib/gcc/arm-none-eabi/12.2.0/../../../../arm-none-eabi/lib/thumb/v7e-m/nofp/libg_nano.a(libc_a-wbuf.o)
                0x08000cf0                __swbuf
 .text.__swsetup_r
                0x08000d00       0xac /opt/gcc-arm-none-eabi/bin/../lib/gcc/arm-none-eabi/12.2.0/../../../../arm-none-eabi/lib/thumb/v7e-m/nofp/libg_nano.a(libc_a-wsetup.o)
                0x08000d00                __swsetup_r
 .text._printf_common
                0x08000dac       0xda /opt/gcc-arm-none-eabi/bin/../lib/gcc/arm-none-eabi/12.2.0/../../../../arm-none-eabi/lib/thumb/v7e-m/nofp/libg_nano.a(libc_a-nano-vfprintf_i.o)
                0x08000dac                _printf_common
 *fill*         0x08000e86        0x2 
 .text._printf_i
                0x08000e88      0x25c /opt/gcc-arm-none-eabi/bin/../lib/gcc/arm-none-eabi/12.2.0/../../../../arm-none-eabi/lib/thumb/v7e-m/nofp/libg_nano.a(libc_a-nano-vfprintf_i.o)
                0x08000e88                _printf_i
 .text.__sflush_r
                0x080010e4      0x100 /opt/gcc-arm-none-eabi/bin/../lib/gcc/arm-none-eabi/12.2.0/../../../../arm-none-eabi/lib/thumb/v7e-m/nofp/libg_nano.a(libc_a-fflush.o)
                0x080010e4                __sflush_r
 .text._fflush_r
                0x080011e4       0x50 /opt/gcc-arm-none-eabi/bin/../lib/gcc/arm-none-eabi/12.2.0/../../../../arm-none-eabi/lib/thumb/v7e-m/nofp/libg_nano.a(libc_a-fflush.o)
                0x080011e4                _fflush_r
 .text.fflush   0x08001234       0x28 /opt/gcc-arm-none-eabi/bin/../lib/gcc/arm-none-eabi/12.2.0/../../../../arm-none-eabi/lib/thumb/v7e-m/nofp/libg_nano.a(libc_a-fflush.o)
                0x08001234                fflush
 .text.std      0x0800125c       0x48 /opt/gcc-arm-none-eabi/bin/../lib/gcc/arm-none-eabi/12.2.0/../../../../arm-none-eabi/lib/thumb/v7e-m/nofp/libg_nano.a(libc_a-findfp.o)
 .text.stdio_exit_handler
                0x080012a4       0x18 /opt/gcc-arm-none-eabi/bin/../lib/gcc/arm-none-eabi/12.2.0/../../../../arm-none-eabi/lib/thumb/v7e-m/nofp/libg_nano.a(libc_a-findfp.o)
 .text.cleanup_stdio
                0x080012bc       0x40 /opt/gcc-arm-none-eabi/bin/../lib/gcc/arm-none-eabi/12.2.0/../../../../arm-none-eabi/lib/thumb/v7e-m/nofp/libg_nano.a(libc_a-findfp.o)
 .text.__fp_lock
                0x080012fc       0x18 /opt/gcc-arm-none-eabi/bin/../lib/gcc/arm-none-eabi/12.2.0/../../../../arm-none-eabi/lib/thumb/v7e-m/nofp/libg_nano.a(libc_a-findfp.o)
 .text.__fp_unlock
                0x08001314       0x18 /opt/gcc-arm-none-eabi/bin/../lib/gcc/arm-none-eabi/12.2.0/../../../../arm-none-eabi/lib/thumb/v7e-m/nofp/libg_nano.a(libc_a-findfp.o)
 .text.global_stdio_init.part.0
                0x0800132c       0x3c /opt/gcc-arm-none-eabi/bin/../lib/gcc/arm-none-eabi/12.2.0/../../../../arm-none-eabi/lib/thumb/v7e-m/nofp/libg_nano.a(libc_a-findfp.o)
 .text.__sfp_lock_acquire
                0x08001368        0xc /opt/gcc-arm-none-eabi/bin/../lib/gcc/arm-none-eabi/12.2.0/../../../../arm-none-eabi/lib/thumb/v7e-m/nofp/libg_nano.a(libc_a-findfp.o)
                0x08001368                __sfp_lock_acquire
 .text.__sfp_lock_release
                0x08001374        0xc /opt/gcc-arm-none-eabi/bin/../lib/gcc/arm-none-eabi/12.2.0/../../../../arm-none-eabi/lib/thumb/v7e-m/nofp/libg_nano.a(libc_a-findfp.o)
                0x08001374                __sfp_lock_release
 .text.__sfp    0x08001380       0xa4 /opt/gcc-arm-none-eabi/bin/../lib/gcc/arm-none-eabi/12.2.0/../../../../arm-none-eabi/lib/thumb/v7e-m/nofp/libg_nano.a(libc_a-findfp.o)
                0x08001380                __sfp
 .text.__sinit  0x08001424       0x30 /opt/gcc-arm-none-eabi/bin/../lib/gcc/arm-none-eabi/12.2.0/../../../../arm-none-eabi/lib/thumb/v7e-m/nofp/libg_nano.a(libc_a-findfp.o)
                0x08001424                __sinit
 .text.__fp_lock_all
                0x08001454       0x1c /opt/gcc-arm-none-eabi/bin/../lib/gcc/arm-none-eabi/12.2.0/../../../../arm-none-eabi/lib/thumb/v7e-m/nofp/libg_nano.a(libc_a-findfp.o)
                0x08001454                __fp_lock_all
 .text.__fp_unlock_all
                0x08001470       0x1c /opt/gcc-arm-none-eabi/bin/../lib/gcc/arm-none-eabi/12.2.0/../../../../arm-none-eabi/lib/thumb/v7e-m/nofp/libg_nano.a(libc_a-findfp.o)
                0x08001470                __fp_unlock_all
 .text.__sread  0x0800148c       0x22 /opt/gcc-arm-none-eabi/bin/../lib/gcc/arm-none-eabi/12.2.0/../../../../arm-none-eabi/lib/thumb/v7e-m/nofp/libg_nano.a(libc_a-stdio.o)
                0x0800148c                __sread
 .text.__seofread
                0x080014ae        0x4 /opt/gcc-arm-none-eabi/bin/../lib/gcc/arm-none-eabi/12.2.0/../../../../arm-none-eabi/lib/thumb/v7e-m/nofp/libg_nano.a(libc_a-stdio.o)
                0x080014ae                __seofread
 .text.__swrite
                0x080014b2       0x38 /opt/gcc-arm-none-eabi/bin/../lib/gcc/arm-none-eabi/12.2.0/../../../../arm-none-eabi/lib/thumb/v7e-m/nofp/libg_nano.a(libc_a-stdio.o)
                0x080014b2                __swrite
 .text.__sseek  0x080014ea       0x24 /opt/gcc-arm-none-eabi/bin/../lib/gcc/arm-none-eabi/12.2.0/../../../../arm-none-eabi/lib/thumb/v7e-m/nofp/libg_nano.a(libc_a-stdio.o)
                0x080014ea                __sseek
 .text.__sclose
                0x0800150e        0x8 /opt/gcc-arm-none-eabi/bin/../lib/gcc/arm-none-eabi/12.2.0/../../../../arm-none-eabi/lib/thumb/v7e-m/nofp/libg_nano.a(libc_a-stdio.o)
                0x0800150e                __sclose
 *fill*         0x08001516        0x2 
 .text._write_r
                0x08001518       0x24 /opt/gcc-arm-none-eabi/bin/../lib/gcc/arm-none-eabi/12.2.0/../../../../arm-none-eabi/lib/thumb/v7e-m/nofp/libg_nano.a(libc_a-writer.o)
                0x08001518                _write_r
 .text.__errno  0x0800153c        0xc /opt/gcc-arm-none-eabi/bin/../lib/gcc/arm-none-eabi/12.2.0/../../../../arm-none-eabi/lib/thumb/v7e-m/nofp/libg_nano.a(libc_a-errno.o)
                0x0800153c                __errno
 .text.__sfvwrite_r
                0x08001548      0x2a0 /opt/gcc-arm-none-eabi/bin/../lib/gcc/arm-none-eabi/12.2.0/../../../../arm-none-eabi/lib/thumb/v7e-m/nofp/libg_nano.a(libc_a-fvwrite.o)
                0x08001548                __sfvwrite_r
 .text._fwalk_sglue
                0x080017e8       0x3c /opt/gcc-arm-none-eabi/bin/../lib/gcc/arm-none-eabi/12.2.0/../../../../arm-none-eabi/lib/thumb/v7e-m/nofp/libg_nano.a(libc_a-fwalk.o)
                0x080017e8                _fwalk_sglue
 .text.memmove  0x08001824       0x34 /opt/gcc-arm-none-eabi/bin/../lib/gcc/arm-none-eabi/12.2.0/../../../../arm-none-eabi/lib/thumb/v7e-m/nofp/libg_nano.a(libc_a-memmove.o)
                0x08001824                memmove
 .text.memset   0x08001858       0x10 /opt/gcc-arm-none-eabi/bin/../lib/gcc/arm-none-eabi/12.2.0/../../../../arm-none-eabi/lib/thumb/v7e-m/nofp/libg_nano.a(libc_a-memset.o)
                0x08001858                memset
 .text._realloc_r
                0x08001868       0x5c /opt/gcc-arm-none-eabi/bin/../lib/gcc/arm-none-eabi/12.2.0/../../../../arm-none-eabi/lib/thumb/v7e-m/nofp/libg_nano.a(libc_a-reallocr.o)
                0x08001868                _realloc_r
 .text._free_r  0x080018c4       0x94 /opt/gcc-arm-none-eabi/bin/../lib/gcc/arm-none-eabi/12.2.0/../../../../arm-none-eabi/lib/thumb/v7e-m/nofp/libg_nano.a(libc_a-freer.o)
                0x080018c4                _free_r
 .text.__retarget_lock_init
                0x08001958        0x2 /opt/gcc-arm-none-eabi/bin/../lib/gcc/arm-none-eabi/12.2.0/../../../../arm-none-eabi/lib/thumb/v7e-m/nofp/libg_nano.a(libc_a-lock.o)
                0x08001958                __retarget_lock_init
 .text.__retarget_lock_init_recursive
                0x0800195a        0x2 /opt/gcc-arm-none-eabi/bin/../lib/gcc/arm-none-eabi/12.2.0/../../../../arm-none-eabi/lib/thumb/v7e-m/nofp/libg_nano.a(libc_a-lock.o)
                0x0800195a                __retarget_lock_init_recursive
 .text.__retarget_lock_close
                0x0800195c        0x2 /opt/gcc-arm-none-eabi/bin/../lib/gcc/arm-none-eabi/12.2.0/../../../../arm-none-eabi/lib/thumb/v7e-m/nofp/libg_nano.a(libc_a-lock.o)
                0x0800195c                __retarget_lock_close
 .text.__retarget_lock_close_recursive
                0x0800195e        0x2 /opt/gcc-arm-none-eabi/bin/../lib/gcc/arm-none-eabi/12.2.0/../../../../arm-none-eabi/lib/thumb/v7e-m/nofp/libg_nano.a(libc_a-lock.o)
                0x0800195e                __retarget_lock_close_recursive
 .text.__retarget_lock_acquire
                0x08001960        0x2 /opt/gcc-arm-none-eabi/bin/../lib/gcc/arm-none-eabi/12.2.0/../../../../arm-none-eabi/lib/thumb/v7e-m/nofp/libg_nano.a(libc_a-lock.o)
                0x08001960                __retarget_lock_acquire
 .text.__retarget_lock_acquire_recursive
                0x08001962        0x2 /opt/gcc-arm-none-eabi/bin/../lib/gcc/arm-none-eabi/12.2.0/../../../../arm-none-eabi/lib/thumb/v7e-m/nofp/libg_nano.a(libc_a-lock.o)
                0x08001962                __retarget_lock_acquire_recursive
 .text.__retarget_lock_try_acquire
                0x08001964        0x4 /opt/gcc-arm-none-eabi/bin/../lib/gcc/arm-none-eabi/12.2.0/../../../../arm-none-eabi/lib/thumb/v7e-m/nofp/libg_nano.a(libc_a-lock.o)
                0x08001964                __retarget_lock_try_acquire
 .text.__retarget_lock_try_acquire_recursive
                0x08001968        0x4 /opt/gcc-arm-none-eabi/bin/../lib/gcc/arm-none-eabi/12.2.0/../../../../arm-none-eabi/lib/thumb/v7e-m/nofp/libg_nano.a(libc_a-lock.o)
                0x08001968                __retarget_lock_try_acquire_recursive
 .text.__retarget_lock_release
                0x0800196c        0x2 /opt/gcc-arm-none-eabi/bin/../lib/gcc/arm-none-eabi/12.2.0/../../../../arm-none-eabi/lib/thumb/v7e-m/nofp/libg_nano.a(libc_a-lock.o)
                0x0800196c                __retarget_lock_release
 .text.__retarget_lock_release_recursive
                0x0800196e        0x2 /opt/gcc-arm-none-eabi/bin/../lib/gcc/arm-none-eabi/12.2.0/../../../../arm-none-eabi/lib/thumb/v7e-m/nofp/libg_nano.a(libc_a-lock.o)
                0x0800196e                __retarget_lock_release_recursive
 .text.__swhatbuf_r
                0x08001970       0x4c /opt/gcc-arm-none-eabi/bin/../lib/gcc/arm-none-eabi/12.2.0/../../../../arm-none-eabi/lib/thumb/v7e-m/nofp/libg_nano.a(libc_a-makebuf.o)
                0x08001970                __swhatbuf_r
 .text.__smakebuf_r
                0x080019bc       0x78 /opt/gcc-arm-none-eabi/bin/../lib/gcc/arm-none-eabi/12.2.0/../../../../arm-none-eabi/lib/thumb/v7e-m/nofp/libg_nano.a(libc_a-makebuf.o)
                0x080019bc                __smakebuf_r
 .text._close_r
                0x08001a34       0x20 /opt/gcc-arm-none-eabi/bin/../lib/gcc/arm-none-eabi/12.2.0/../../../../arm-none-eabi/lib/thumb/v7e-m/nofp/libg_nano.a(libc_a-closer.o)
                0x08001a34                _close_r
 .text._reclaim_reent
                0x08001a54       0xac /opt/gcc-arm-none-eabi/bin/../lib/gcc/arm-none-eabi/12.2.0/../../../../arm-none-eabi/lib/thumb/v7e-m/nofp/libg_nano.a(libc_a-reent.o)
                0x08001a54                _reclaim_reent
 .text.memcpy   0x08001b00       0x1c /opt/gcc-arm-none-eabi/bin/../lib/gcc/arm-none-eabi/12.2.0/../../../../arm-none-eabi/lib/thumb/v7e-m/nofp/libg_nano.a(libc_a-memcpy-stub.o)
                0x08001b00                memcpy
 .text.sbrk_aligned
                0x08001b1c       0x44 /opt/gcc-arm-none-eabi/bin/../lib/gcc/arm-none-eabi/12.2.0/../../../../arm-none-eabi/lib/thumb/v7e-m/nofp/libg_nano.a(libc_a-mallocr.o)
 .text._malloc_r
                0x08001b60       0xe0 /opt/gcc-arm-none-eabi/bin/../lib/gcc/arm-none-eabi/12.2.0/../../../../arm-none-eabi/lib/thumb/v7e-m/nofp/libg_nano.a(libc_a-mallocr.o)
                0x08001b60                _malloc_r
 .text._fstat_r
                0x08001c40       0x24 /opt/gcc-arm-none-eabi/bin/../lib/gcc/arm-none-eabi/12.2.0/../../../../arm-none-eabi/lib/thumb/v7e-m/nofp/libg_nano.a(libc_a-fstatr.o)
                0x08001c40                _fstat_r
 .text._isatty_r
                0x08001c64       0x20 /opt/gcc-arm-none-eabi/bin/../lib/gcc/arm-none-eabi/12.2.0/../../../../arm-none-eabi/lib/thumb/v7e-m/nofp/libg_nano.a(libc_a-isattyr.o)
                0x08001c64                _isatty_r
 .text._lseek_r
                0x08001c84       0x24 /opt/gcc-arm-none-eabi/bin/../lib/gcc/arm-none-eabi/12.2.0/../../../../arm-none-eabi/lib/thumb/v7e-m/nofp/libg_nano.a(libc_a-lseekr.o)
                0x08001c84                _lseek_r
 .text._read_r  0x08001ca8       0x24 /opt/gcc-arm-none-eabi/bin/../lib/gcc/arm-none-eabi/12.2.0/../../../../arm-none-eabi/lib/thumb/v7e-m/nofp/libg_nano.a(libc_a-readr.o)
                0x08001ca8                _read_r
 .text.__malloc_lock
                0x08001ccc        0xc /opt/gcc-arm-none-eabi/bin/../lib/gcc/arm-none-eabi/12.2.0/../../../../arm-none-eabi/lib/thumb/v7e-m/nofp/libg_nano.a(libc_a-mlock.o)
                0x08001ccc                __malloc_lock
 .text.__malloc_unlock
                0x08001cd8        0xc /opt/gcc-arm-none-eabi/bin/../lib/gcc/arm-none-eabi/12.2.0/../../../../arm-none-eabi/lib/thumb/v7e-m/nofp/libg_nano.a(libc_a-mlock.o)
                0x08001cd8                __malloc_unlock
 .text._malloc_usable_size_r
                0x08001ce4       0x10 /opt/gcc-arm-none-eabi/bin/../lib/gcc/arm-none-eabi/12.2.0/../../../../arm-none-eabi/lib/thumb/v7e-m/nofp/libg_nano.a(libc_a-msizer.o)
                0x08001ce4                _malloc_usable_size_r
 .text._sbrk_r  0x08001cf4       0x20 /opt/gcc-arm-none-eabi/bin/../lib/gcc/arm-none-eabi/12.2.0/../../../../arm-none-eabi/lib/thumb/v7e-m/nofp/libg_nano.a(libc_a-sbrkr.o)
                0x08001cf4                _sbrk_r
 *(.rodata)
 .rodata        0x08001d14       0x20 src/obj/main.o
                0x08001d14                ADC
                0x08001d18                RCC
                0x08001d1c                GPIOA
                0x08001d20                USART2
                0x08001d24                NVIC
 *(.rodata.*)
 .rodata.all_implied_fbits
                0x08001d34       0x24 /opt/gcc-arm-none-eabi/bin/../lib/gcc/arm-none-eabi/12.2.0/thumb/v7e-m/nofp/crtbegin.o
 .rodata._vfprintf_r.str1.1
                0x08001d58       0x11 /opt/gcc-arm-none-eabi/bin/../lib/gcc/arm-none-eabi/12.2.0/../../../../arm-none-eabi/lib/thumb/v7e-m/nofp/libg_nano.a(libc_a-nano-vfprintf.o)
 .rodata._printf_i.str1.1
                0x08001d69       0x22 /opt/gcc-arm-none-eabi/bin/../lib/gcc/arm-none-eabi/12.2.0/../../../../arm-none-eabi/lib/thumb/v7e-m/nofp/libg_nano.a(libc_a-nano-vfprintf_i.o)
 *fill*         0x08001d8b        0x1 
 .rodata.all_implied_fbits
                0x08001d8c       0x24 /opt/gcc-arm-none-eabi/bin/../lib/gcc/arm-none-eabi/12.2.0/thumb/v7e-m/nofp/crtend.o
                0x08001db0                        . = ALIGN (0x4)
                0x08001dc8                        _sidata = LOADADDR (.data)

.glue_7         0x08001db0        0x0
 .glue_7        0x08001db0        0x0 linker stubs

.glue_7t        0x08001db0        0x0
 .glue_7t       0x08001db0        0x0 linker stubs

.vfp11_veneer   0x08001db0        0x0
 .vfp11_veneer  0x08001db0        0x0 linker stubs

.v4_bx          0x08001db0        0x0
 .v4_bx         0x08001db0        0x0 linker stubs

.init           0x08001db0        0xc
 .init          0x08001db0        0x4 /opt/gcc-arm-none-eabi/bin/../lib/gcc/arm-none-eabi/12.2.0/thumb/v7e-m/nofp/crti.o
                0x08001db0                _init
 .init          0x08001db4        0x8 /opt/gcc-arm-none-eabi/bin/../lib/gcc/arm-none-eabi/12.2.0/thumb/v7e-m/nofp/crtn.o

.fini           0x08001dbc        0xc
 .fini          0x08001dbc        0x4 /opt/gcc-arm-none-eabi/bin/../lib/gcc/arm-none-eabi/12.2.0/thumb/v7e-m/nofp/crti.o
                0x08001dbc                _fini
 .fini          0x08001dc0        0x8 /opt/gcc-arm-none-eabi/bin/../lib/gcc/arm-none-eabi/12.2.0/thumb/v7e-m/nofp/crtn.o

.iplt           0x08001dc8        0x0
 .iplt          0x08001dc8        0x0 /opt/gcc-arm-none-eabi/bin/../lib/gcc/arm-none-eabi/12.2.0/thumb/v7e-m/nofp/crtbegin.o

.rel.dyn        0x08001dc8        0x0
 .rel.iplt      0x08001dc8        0x0 /opt/gcc-arm-none-eabi/bin/../lib/gcc/arm-none-eabi/12.2.0/thumb/v7e-m/nofp/crtbegin.o

.data           0x20000000       0x64 load address 0x08001dc8
                0x20000000                        . = ALIGN (0x4)
                0x20000000                        _sdata = .
 *(.data)
 .data          0x20000000        0x0 /opt/gcc-arm-none-eabi/bin/../lib/gcc/arm-none-eabi/12.2.0/thumb/v7e-m/nofp/crti.o
 .data          0x20000000        0x0 /opt/gcc-arm-none-eabi/bin/../lib/gcc/arm-none-eabi/12.2.0/thumb/v7e-m/nofp/crtbegin.o
 .data          0x20000000        0x0 /opt/gcc-arm-none-eabi/bin/../lib/gcc/arm-none-eabi/12.2.0/../../../../arm-none-eabi/lib/thumb/v7e-m/nofp/crt0.o
 .data          0x20000000        0x0 src/obj/main.o
 .data          0x20000000        0x4 src/obj/syscalls.o
                0x20000000                environ
 .data          0x20000004        0x0 src/obj/startup_STM32F401RE.o
 .data          0x20000004        0x0 /opt/gcc-arm-none-eabi/bin/../lib/gcc/arm-none-eabi/12.2.0/../../../../arm-none-eabi/lib/thumb/v7e-m/nofp/libg_nano.a(libc_a-exit.o)
 .data          0x20000004        0x0 /opt/gcc-arm-none-eabi/bin/../lib/gcc/arm-none-eabi/12.2.0/../../../../arm-none-eabi/lib/thumb/v7e-m/nofp/libg_nano.a(libc_a-init.o)
 .data          0x20000004        0x0 /opt/gcc-arm-none-eabi/bin/../lib/gcc/arm-none-eabi/12.2.0/../../../../arm-none-eabi/lib/thumb/v7e-m/nofp/libg_nano.a(libc_a-printf.o)
 .data          0x20000004        0x0 /opt/gcc-arm-none-eabi/bin/../lib/gcc/arm-none-eabi/12.2.0/../../../../arm-none-eabi/lib/thumb/v7e-m/nofp/libg_nano.a(libc_a-nano-vfprintf.o)
 .data          0x20000004        0x0 /opt/gcc-arm-none-eabi/bin/../lib/gcc/arm-none-eabi/12.2.0/../../../../arm-none-eabi/lib/thumb/v7e-m/nofp/libg_nano.a(libc_a-wbuf.o)
 .data          0x20000004        0x0 /opt/gcc-arm-none-eabi/bin/../lib/gcc/arm-none-eabi/12.2.0/../../../../arm-none-eabi/lib/thumb/v7e-m/nofp/libg_nano.a(libc_a-wsetup.o)
 .data          0x20000004        0x0 /opt/gcc-arm-none-eabi/bin/../lib/gcc/arm-none-eabi/12.2.0/../../../../arm-none-eabi/lib/thumb/v7e-m/nofp/libg_nano.a(libc_a-nano-vfprintf_i.o)
 .data          0x20000004        0x0 /opt/gcc-arm-none-eabi/bin/../lib/gcc/arm-none-eabi/12.2.0/../../../../arm-none-eabi/lib/thumb/v7e-m/nofp/libg_nano.a(libc_a-impure.o)
 .data          0x20000004        0x0 /opt/gcc-arm-none-eabi/bin/../lib/gcc/arm-none-eabi/12.2.0/../../../../arm-none-eabi/lib/thumb/v7e-m/nofp/libg_nano.a(libc_a-fflush.o)
 .data          0x20000004        0x0 /opt/gcc-arm-none-eabi/bin/../lib/gcc/arm-none-eabi/12.2.0/../../../../arm-none-eabi/lib/thumb/v7e-m/nofp/libg_nano.a(libc_a-memchr.o)
 .data          0x20000004        0x0 /opt/gcc-arm-none-eabi/bin/../lib/gcc/arm-none-eabi/12.2.0/../../../../arm-none-eabi/lib/thumb/v7e-m/nofp/libg_nano.a(libc_a-findfp.o)
 .data          0x20000004        0x0 /opt/gcc-arm-none-eabi/bin/../lib/gcc/arm-none-eabi/12.2.0/../../../../arm-none-eabi/lib/thumb/v7e-m/nofp/libg_nano.a(libc_a-stdio.o)
 .data          0x20000004        0x0 /opt/gcc-arm-none-eabi/bin/../lib/gcc/arm-none-eabi/12.2.0/../../../../arm-none-eabi/lib/thumb/v7e-m/nofp/libg_nano.a(libc_a-writer.o)
 .data          0x20000004        0x0 /opt/gcc-arm-none-eabi/bin/../lib/gcc/arm-none-eabi/12.2.0/../../../../arm-none-eabi/lib/thumb/v7e-m/nofp/libg_nano.a(libc_a-errno.o)
 .data          0x20000004        0x0 /opt/gcc-arm-none-eabi/bin/../lib/gcc/arm-none-eabi/12.2.0/../../../../arm-none-eabi/lib/thumb/v7e-m/nofp/libg_nano.a(libc_a-fvwrite.o)
 .data          0x20000004        0x0 /opt/gcc-arm-none-eabi/bin/../lib/gcc/arm-none-eabi/12.2.0/../../../../arm-none-eabi/lib/thumb/v7e-m/nofp/libg_nano.a(libc_a-fwalk.o)
 .data          0x20000004        0x0 /opt/gcc-arm-none-eabi/bin/../lib/gcc/arm-none-eabi/12.2.0/../../../../arm-none-eabi/lib/thumb/v7e-m/nofp/libg_nano.a(libc_a-memmove.o)
 .data          0x20000004        0x0 /opt/gcc-arm-none-eabi/bin/../lib/gcc/arm-none-eabi/12.2.0/../../../../arm-none-eabi/lib/thumb/v7e-m/nofp/libg_nano.a(libc_a-memset.o)
 .data          0x20000004        0x0 /opt/gcc-arm-none-eabi/bin/../lib/gcc/arm-none-eabi/12.2.0/../../../../arm-none-eabi/lib/thumb/v7e-m/nofp/libg_nano.a(libc_a-reallocr.o)
 .data          0x20000004        0x0 /opt/gcc-arm-none-eabi/bin/../lib/gcc/arm-none-eabi/12.2.0/../../../../arm-none-eabi/lib/thumb/v7e-m/nofp/libg_nano.a(libc_a-freer.o)
 .data          0x20000004        0x0 /opt/gcc-arm-none-eabi/bin/../lib/gcc/arm-none-eabi/12.2.0/../../../../arm-none-eabi/lib/thumb/v7e-m/nofp/libg_nano.a(libc_a-lock.o)
 .data          0x20000004        0x0 /opt/gcc-arm-none-eabi/bin/../lib/gcc/arm-none-eabi/12.2.0/../../../../arm-none-eabi/lib/thumb/v7e-m/nofp/libg_nano.a(libc_a-makebuf.o)
 .data          0x20000004        0x0 /opt/gcc-arm-none-eabi/bin/../lib/gcc/arm-none-eabi/12.2.0/../../../../arm-none-eabi/lib/thumb/v7e-m/nofp/libg_nano.a(libc_a-closer.o)
 .data          0x20000004        0x0 /opt/gcc-arm-none-eabi/bin/../lib/gcc/arm-none-eabi/12.2.0/../../../../arm-none-eabi/lib/thumb/v7e-m/nofp/libg_nano.a(libc_a-reent.o)
 .data          0x20000004        0x0 /opt/gcc-arm-none-eabi/bin/../lib/gcc/arm-none-eabi/12.2.0/../../../../arm-none-eabi/lib/thumb/v7e-m/nofp/libg_nano.a(libc_a-memcpy-stub.o)
 .data          0x20000004        0x0 /opt/gcc-arm-none-eabi/bin/../lib/gcc/arm-none-eabi/12.2.0/../../../../arm-none-eabi/lib/thumb/v7e-m/nofp/libg_nano.a(libc_a-mallocr.o)
 .data          0x20000004        0x0 /opt/gcc-arm-none-eabi/bin/../lib/gcc/arm-none-eabi/12.2.0/../../../../arm-none-eabi/lib/thumb/v7e-m/nofp/libg_nano.a(libc_a-fstatr.o)
 .data          0x20000004        0x0 /opt/gcc-arm-none-eabi/bin/../lib/gcc/arm-none-eabi/12.2.0/../../../../arm-none-eabi/lib/thumb/v7e-m/nofp/libg_nano.a(libc_a-isattyr.o)
 .data          0x20000004        0x0 /opt/gcc-arm-none-eabi/bin/../lib/gcc/arm-none-eabi/12.2.0/../../../../arm-none-eabi/lib/thumb/v7e-m/nofp/libg_nano.a(libc_a-lseekr.o)
 .data          0x20000004        0x0 /opt/gcc-arm-none-eabi/bin/../lib/gcc/arm-none-eabi/12.2.0/../../../../arm-none-eabi/lib/thumb/v7e-m/nofp/libg_nano.a(libc_a-readr.o)
 .data          0x20000004        0x0 /opt/gcc-arm-none-eabi/bin/../lib/gcc/arm-none-eabi/12.2.0/../../../../arm-none-eabi/lib/thumb/v7e-m/nofp/libg_nano.a(libc_a-mlock.o)
 .data          0x20000004        0x0 /opt/gcc-arm-none-eabi/bin/../lib/gcc/arm-none-eabi/12.2.0/../../../../arm-none-eabi/lib/thumb/v7e-m/nofp/libg_nano.a(libc_a-msizer.o)
 .data          0x20000004        0x0 /opt/gcc-arm-none-eabi/bin/../lib/gcc/arm-none-eabi/12.2.0/../../../../arm-none-eabi/lib/thumb/v7e-m/nofp/libg_nano.a(libc_a-sbrkr.o)
 .data          0x20000004        0x0 /opt/gcc-arm-none-eabi/bin/../lib/gcc/arm-none-eabi/12.2.0/thumb/v7e-m/nofp/crtend.o
 .data          0x20000004        0x0 /opt/gcc-arm-none-eabi/bin/../lib/gcc/arm-none-eabi/12.2.0/thumb/v7e-m/nofp/crtn.o
 *(.data.*)
 .data.__dso_handle
                0x20000004        0x4 /opt/gcc-arm-none-eabi/bin/../lib/gcc/arm-none-eabi/12.2.0/thumb/v7e-m/nofp/crtbegin.o
                0x20000004                __dso_handle
 .data._impure_ptr
                0x20000008        0x4 /opt/gcc-arm-none-eabi/bin/../lib/gcc/arm-none-eabi/12.2.0/../../../../arm-none-eabi/lib/thumb/v7e-m/nofp/libg_nano.a(libc_a-impure.o)
                0x20000008                _impure_ptr
 .data._impure_data
                0x2000000c       0x4c /opt/gcc-arm-none-eabi/bin/../lib/gcc/arm-none-eabi/12.2.0/../../../../arm-none-eabi/lib/thumb/v7e-m/nofp/libg_nano.a(libc_a-impure.o)
                0x2000000c                _impure_data
 .data.__sglue  0x20000058        0xc /opt/gcc-arm-none-eabi/bin/../lib/gcc/arm-none-eabi/12.2.0/../../../../arm-none-eabi/lib/thumb/v7e-m/nofp/libg_nano.a(libc_a-findfp.o)
                0x20000058                __sglue
                0x20000064                        . = ALIGN (0x4)
                0x20000064                        _edata = .

.init_array     0x20000064        0x4 load address 0x08001e2c
 .init_array    0x20000064        0x4 /opt/gcc-arm-none-eabi/bin/../lib/gcc/arm-none-eabi/12.2.0/thumb/v7e-m/nofp/crtbegin.o

.fini_array     0x20000068        0x4 load address 0x08001e30
 .fini_array    0x20000068        0x4 /opt/gcc-arm-none-eabi/bin/../lib/gcc/arm-none-eabi/12.2.0/thumb/v7e-m/nofp/crtbegin.o

.tm_clone_table
                0x2000006c        0x0 load address 0x08001e34
 .tm_clone_table
                0x2000006c        0x0 /opt/gcc-arm-none-eabi/bin/../lib/gcc/arm-none-eabi/12.2.0/thumb/v7e-m/nofp/crtbegin.o
 .tm_clone_table
                0x2000006c        0x0 /opt/gcc-arm-none-eabi/bin/../lib/gcc/arm-none-eabi/12.2.0/thumb/v7e-m/nofp/crtend.o

.igot.plt       0x2000006c        0x0 load address 0x08001e34
 .igot.plt      0x2000006c        0x0 /opt/gcc-arm-none-eabi/bin/../lib/gcc/arm-none-eabi/12.2.0/thumb/v7e-m/nofp/crtbegin.o

.bss            0x2000006c      0x174 load address 0x08001e34
                0x2000006c                        . = ALIGN (0x4)
                0x2000006c                        _sbss = .
                0x2000006c                        __bss_start__ = _sbss
 *(.bss)
 .bss           0x2000006c        0x0 /opt/gcc-arm-none-eabi/bin/../lib/gcc/arm-none-eabi/12.2.0/thumb/v7e-m/nofp/crti.o
 .bss           0x2000006c        0x0 /opt/gcc-arm-none-eabi/bin/../lib/gcc/arm-none-eabi/12.2.0/thumb/v7e-m/nofp/crtbegin.o
 .bss           0x2000006c        0x0 /opt/gcc-arm-none-eabi/bin/../lib/gcc/arm-none-eabi/12.2.0/../../../../arm-none-eabi/lib/thumb/v7e-m/nofp/crt0.o
 .bss           0x2000006c        0x0 src/obj/main.o
 .bss           0x2000006c        0x8 src/obj/syscalls.o
                0x2000006c                __env
 .bss           0x20000074        0x0 src/obj/startup_STM32F401RE.o
 .bss           0x20000074        0x0 /opt/gcc-arm-none-eabi/bin/../lib/gcc/arm-none-eabi/12.2.0/../../../../arm-none-eabi/lib/thumb/v7e-m/nofp/libg_nano.a(libc_a-exit.o)
 .bss           0x20000074        0x0 /opt/gcc-arm-none-eabi/bin/../lib/gcc/arm-none-eabi/12.2.0/../../../../arm-none-eabi/lib/thumb/v7e-m/nofp/libg_nano.a(libc_a-init.o)
 .bss           0x20000074        0x0 /opt/gcc-arm-none-eabi/bin/../lib/gcc/arm-none-eabi/12.2.0/../../../../arm-none-eabi/lib/thumb/v7e-m/nofp/libg_nano.a(libc_a-printf.o)
 .bss           0x20000074        0x0 /opt/gcc-arm-none-eabi/bin/../lib/gcc/arm-none-eabi/12.2.0/../../../../arm-none-eabi/lib/thumb/v7e-m/nofp/libg_nano.a(libc_a-nano-vfprintf.o)
 .bss           0x20000074        0x0 /opt/gcc-arm-none-eabi/bin/../lib/gcc/arm-none-eabi/12.2.0/../../../../arm-none-eabi/lib/thumb/v7e-m/nofp/libg_nano.a(libc_a-wbuf.o)
 .bss           0x20000074        0x0 /opt/gcc-arm-none-eabi/bin/../lib/gcc/arm-none-eabi/12.2.0/../../../../arm-none-eabi/lib/thumb/v7e-m/nofp/libg_nano.a(libc_a-wsetup.o)
 .bss           0x20000074        0x0 /opt/gcc-arm-none-eabi/bin/../lib/gcc/arm-none-eabi/12.2.0/../../../../arm-none-eabi/lib/thumb/v7e-m/nofp/libg_nano.a(libc_a-nano-vfprintf_i.o)
 .bss           0x20000074        0x0 /opt/gcc-arm-none-eabi/bin/../lib/gcc/arm-none-eabi/12.2.0/../../../../arm-none-eabi/lib/thumb/v7e-m/nofp/libg_nano.a(libc_a-impure.o)
 .bss           0x20000074        0x0 /opt/gcc-arm-none-eabi/bin/../lib/gcc/arm-none-eabi/12.2.0/../../../../arm-none-eabi/lib/thumb/v7e-m/nofp/libg_nano.a(libc_a-fflush.o)
 .bss           0x20000074        0x0 /opt/gcc-arm-none-eabi/bin/../lib/gcc/arm-none-eabi/12.2.0/../../../../arm-none-eabi/lib/thumb/v7e-m/nofp/libg_nano.a(libc_a-memchr.o)
 .bss           0x20000074        0x0 /opt/gcc-arm-none-eabi/bin/../lib/gcc/arm-none-eabi/12.2.0/../../../../arm-none-eabi/lib/thumb/v7e-m/nofp/libg_nano.a(libc_a-findfp.o)
 .bss           0x20000074        0x0 /opt/gcc-arm-none-eabi/bin/../lib/gcc/arm-none-eabi/12.2.0/../../../../arm-none-eabi/lib/thumb/v7e-m/nofp/libg_nano.a(libc_a-stdio.o)
 .bss           0x20000074        0x0 /opt/gcc-arm-none-eabi/bin/../lib/gcc/arm-none-eabi/12.2.0/../../../../arm-none-eabi/lib/thumb/v7e-m/nofp/libg_nano.a(libc_a-writer.o)
 .bss           0x20000074        0x0 /opt/gcc-arm-none-eabi/bin/../lib/gcc/arm-none-eabi/12.2.0/../../../../arm-none-eabi/lib/thumb/v7e-m/nofp/libg_nano.a(libc_a-errno.o)
 .bss           0x20000074        0x0 /opt/gcc-arm-none-eabi/bin/../lib/gcc/arm-none-eabi/12.2.0/../../../../arm-none-eabi/lib/thumb/v7e-m/nofp/libg_nano.a(libc_a-fvwrite.o)
 .bss           0x20000074        0x0 /opt/gcc-arm-none-eabi/bin/../lib/gcc/arm-none-eabi/12.2.0/../../../../arm-none-eabi/lib/thumb/v7e-m/nofp/libg_nano.a(libc_a-fwalk.o)
 .bss           0x20000074        0x0 /opt/gcc-arm-none-eabi/bin/../lib/gcc/arm-none-eabi/12.2.0/../../../../arm-none-eabi/lib/thumb/v7e-m/nofp/libg_nano.a(libc_a-memmove.o)
 .bss           0x20000074        0x0 /opt/gcc-arm-none-eabi/bin/../lib/gcc/arm-none-eabi/12.2.0/../../../../arm-none-eabi/lib/thumb/v7e-m/nofp/libg_nano.a(libc_a-memset.o)
 .bss           0x20000074        0x0 /opt/gcc-arm-none-eabi/bin/../lib/gcc/arm-none-eabi/12.2.0/../../../../arm-none-eabi/lib/thumb/v7e-m/nofp/libg_nano.a(libc_a-reallocr.o)
 .bss           0x20000074        0x0 /opt/gcc-arm-none-eabi/bin/../lib/gcc/arm-none-eabi/12.2.0/../../../../arm-none-eabi/lib/thumb/v7e-m/nofp/libg_nano.a(libc_a-freer.o)
 .bss           0x20000074        0x0 /opt/gcc-arm-none-eabi/bin/../lib/gcc/arm-none-eabi/12.2.0/../../../../arm-none-eabi/lib/thumb/v7e-m/nofp/libg_nano.a(libc_a-lock.o)
 .bss           0x20000074        0x0 /opt/gcc-arm-none-eabi/bin/../lib/gcc/arm-none-eabi/12.2.0/../../../../arm-none-eabi/lib/thumb/v7e-m/nofp/libg_nano.a(libc_a-makebuf.o)
 .bss           0x20000074        0x0 /opt/gcc-arm-none-eabi/bin/../lib/gcc/arm-none-eabi/12.2.0/../../../../arm-none-eabi/lib/thumb/v7e-m/nofp/libg_nano.a(libc_a-closer.o)
 .bss           0x20000074        0x0 /opt/gcc-arm-none-eabi/bin/../lib/gcc/arm-none-eabi/12.2.0/../../../../arm-none-eabi/lib/thumb/v7e-m/nofp/libg_nano.a(libc_a-reent.o)
 .bss           0x20000074        0x0 /opt/gcc-arm-none-eabi/bin/../lib/gcc/arm-none-eabi/12.2.0/../../../../arm-none-eabi/lib/thumb/v7e-m/nofp/libg_nano.a(libc_a-memcpy-stub.o)
 .bss           0x20000074        0x0 /opt/gcc-arm-none-eabi/bin/../lib/gcc/arm-none-eabi/12.2.0/../../../../arm-none-eabi/lib/thumb/v7e-m/nofp/libg_nano.a(libc_a-mallocr.o)
 .bss           0x20000074        0x0 /opt/gcc-arm-none-eabi/bin/../lib/gcc/arm-none-eabi/12.2.0/../../../../arm-none-eabi/lib/thumb/v7e-m/nofp/libg_nano.a(libc_a-fstatr.o)
 .bss           0x20000074        0x0 /opt/gcc-arm-none-eabi/bin/../lib/gcc/arm-none-eabi/12.2.0/../../../../arm-none-eabi/lib/thumb/v7e-m/nofp/libg_nano.a(libc_a-isattyr.o)
 .bss           0x20000074        0x0 /opt/gcc-arm-none-eabi/bin/../lib/gcc/arm-none-eabi/12.2.0/../../../../arm-none-eabi/lib/thumb/v7e-m/nofp/libg_nano.a(libc_a-lseekr.o)
 .bss           0x20000074        0x0 /opt/gcc-arm-none-eabi/bin/../lib/gcc/arm-none-eabi/12.2.0/../../../../arm-none-eabi/lib/thumb/v7e-m/nofp/libg_nano.a(libc_a-readr.o)
 .bss           0x20000074        0x0 /opt/gcc-arm-none-eabi/bin/../lib/gcc/arm-none-eabi/12.2.0/../../../../arm-none-eabi/lib/thumb/v7e-m/nofp/libg_nano.a(libc_a-mlock.o)
 .bss           0x20000074        0x0 /opt/gcc-arm-none-eabi/bin/../lib/gcc/arm-none-eabi/12.2.0/../../../../arm-none-eabi/lib/thumb/v7e-m/nofp/libg_nano.a(libc_a-msizer.o)
 .bss           0x20000074        0x0 /opt/gcc-arm-none-eabi/bin/../lib/gcc/arm-none-eabi/12.2.0/../../../../arm-none-eabi/lib/thumb/v7e-m/nofp/libg_nano.a(libc_a-sbrkr.o)
 .bss           0x20000074        0x0 /opt/gcc-arm-none-eabi/bin/../lib/gcc/arm-none-eabi/12.2.0/thumb/v7e-m/nofp/crtend.o
 .bss           0x20000074        0x0 /opt/gcc-arm-none-eabi/bin/../lib/gcc/arm-none-eabi/12.2.0/thumb/v7e-m/nofp/crtn.o
 *(.bss.*)
 .bss.completed.1
                0x20000074        0x1 /opt/gcc-arm-none-eabi/bin/../lib/gcc/arm-none-eabi/12.2.0/thumb/v7e-m/nofp/crtbegin.o
 *fill*         0x20000075        0x3 
 .bss.object.0  0x20000078       0x18 /opt/gcc-arm-none-eabi/bin/../lib/gcc/arm-none-eabi/12.2.0/thumb/v7e-m/nofp/crtbegin.o
 .bss.__sf      0x20000090      0x138 /opt/gcc-arm-none-eabi/bin/../lib/gcc/arm-none-eabi/12.2.0/../../../../arm-none-eabi/lib/thumb/v7e-m/nofp/libg_nano.a(libc_a-findfp.o)
                0x20000090                __sf
 .bss.__stdio_exit_handler
                0x200001c8        0x4 /opt/gcc-arm-none-eabi/bin/../lib/gcc/arm-none-eabi/12.2.0/../../../../arm-none-eabi/lib/thumb/v7e-m/nofp/libg_nano.a(libc_a-findfp.o)
                0x200001c8                __stdio_exit_handler
 .bss.__lock___arc4random_mutex
                0x200001cc        0x1 /opt/gcc-arm-none-eabi/bin/../lib/gcc/arm-none-eabi/12.2.0/../../../../arm-none-eabi/lib/thumb/v7e-m/nofp/libg_nano.a(libc_a-lock.o)
                0x200001cc                __lock___arc4random_mutex
 .bss.__lock___dd_hash_mutex
                0x200001cd        0x1 /opt/gcc-arm-none-eabi/bin/../lib/gcc/arm-none-eabi/12.2.0/../../../../arm-none-eabi/lib/thumb/v7e-m/nofp/libg_nano.a(libc_a-lock.o)
                0x200001cd                __lock___dd_hash_mutex
 .bss.__lock___tz_mutex
                0x200001ce        0x1 /opt/gcc-arm-none-eabi/bin/../lib/gcc/arm-none-eabi/12.2.0/../../../../arm-none-eabi/lib/thumb/v7e-m/nofp/libg_nano.a(libc_a-lock.o)
                0x200001ce                __lock___tz_mutex
 .bss.__lock___env_recursive_mutex
                0x200001cf        0x1 /opt/gcc-arm-none-eabi/bin/../lib/gcc/arm-none-eabi/12.2.0/../../../../arm-none-eabi/lib/thumb/v7e-m/nofp/libg_nano.a(libc_a-lock.o)
                0x200001cf                __lock___env_recursive_mutex
 .bss.__lock___malloc_recursive_mutex
                0x200001d0        0x1 /opt/gcc-arm-none-eabi/bin/../lib/gcc/arm-none-eabi/12.2.0/../../../../arm-none-eabi/lib/thumb/v7e-m/nofp/libg_nano.a(libc_a-lock.o)
                0x200001d0                __lock___malloc_recursive_mutex
 .bss.__lock___at_quick_exit_mutex
                0x200001d1        0x1 /opt/gcc-arm-none-eabi/bin/../lib/gcc/arm-none-eabi/12.2.0/../../../../arm-none-eabi/lib/thumb/v7e-m/nofp/libg_nano.a(libc_a-lock.o)
                0x200001d1                __lock___at_quick_exit_mutex
 .bss.__lock___atexit_recursive_mutex
                0x200001d2        0x1 /opt/gcc-arm-none-eabi/bin/../lib/gcc/arm-none-eabi/12.2.0/../../../../arm-none-eabi/lib/thumb/v7e-m/nofp/libg_nano.a(libc_a-lock.o)
                0x200001d2                __lock___atexit_recursive_mutex
 .bss.__lock___sfp_recursive_mutex
                0x200001d3        0x1 /opt/gcc-arm-none-eabi/bin/../lib/gcc/arm-none-eabi/12.2.0/../../../../arm-none-eabi/lib/thumb/v7e-m/nofp/libg_nano.a(libc_a-lock.o)
                0x200001d3                __lock___sfp_recursive_mutex
 .bss.errno     0x200001d4        0x4 /opt/gcc-arm-none-eabi/bin/../lib/gcc/arm-none-eabi/12.2.0/../../../../arm-none-eabi/lib/thumb/v7e-m/nofp/libg_nano.a(libc_a-reent.o)
                0x200001d4                errno
 .bss.__malloc_sbrk_start
                0x200001d8        0x4 /opt/gcc-arm-none-eabi/bin/../lib/gcc/arm-none-eabi/12.2.0/../../../../arm-none-eabi/lib/thumb/v7e-m/nofp/libg_nano.a(libc_a-mallocr.o)
                0x200001d8                __malloc_sbrk_start
 .bss.__malloc_free_list
                0x200001dc        0x4 /opt/gcc-arm-none-eabi/bin/../lib/gcc/arm-none-eabi/12.2.0/../../../../arm-none-eabi/lib/thumb/v7e-m/nofp/libg_nano.a(libc_a-mallocr.o)
                0x200001dc                __malloc_free_list
                0x200001e0                        . = ALIGN (0x4)
                0x200001e0                        _ebss = .
                0x200001e0                        __bss_end__ = _ebss
                0x200001e0                        end = _ebss
OUTPUT(debug/main.elf elf32-littlearm)
LOAD linker stubs

.ARM.attributes
                0x00000000       0x2a
 .ARM.attributes
                0x00000000       0x1e /opt/gcc-arm-none-eabi/bin/../lib/gcc/arm-none-eabi/12.2.0/thumb/v7e-m/nofp/crti.o
 .ARM.attributes
                0x0000001e       0x2e /opt/gcc-arm-none-eabi/bin/../lib/gcc/arm-none-eabi/12.2.0/thumb/v7e-m/nofp/crtbegin.o
 .ARM.attributes
                0x0000004c       0x1c /opt/gcc-arm-none-eabi/bin/../lib/gcc/arm-none-eabi/12.2.0/../../../../arm-none-eabi/lib/thumb/v7e-m/nofp/crt0.o
 .ARM.attributes
                0x00000068       0x2e src/obj/main.o
 .ARM.attributes
                0x00000096       0x2e src/obj/syscalls.o
 .ARM.attributes
                0x000000c4       0x2e src/obj/startup_STM32F401RE.o
 .ARM.attributes
                0x000000f2       0x2e /opt/gcc-arm-none-eabi/bin/../lib/gcc/arm-none-eabi/12.2.0/../../../../arm-none-eabi/lib/thumb/v7e-m/nofp/libg_nano.a(libc_a-exit.o)
 .ARM.attributes
                0x00000120       0x2e /opt/gcc-arm-none-eabi/bin/../lib/gcc/arm-none-eabi/12.2.0/../../../../arm-none-eabi/lib/thumb/v7e-m/nofp/libg_nano.a(libc_a-init.o)
 .ARM.attributes
                0x0000014e       0x2e /opt/gcc-arm-none-eabi/bin/../lib/gcc/arm-none-eabi/12.2.0/../../../../arm-none-eabi/lib/thumb/v7e-m/nofp/libg_nano.a(libc_a-printf.o)
 .ARM.attributes
                0x0000017c       0x2e /opt/gcc-arm-none-eabi/bin/../lib/gcc/arm-none-eabi/12.2.0/../../../../arm-none-eabi/lib/thumb/v7e-m/nofp/libg_nano.a(libc_a-nano-vfprintf.o)
 .ARM.attributes
                0x000001aa       0x2e /opt/gcc-arm-none-eabi/bin/../lib/gcc/arm-none-eabi/12.2.0/../../../../arm-none-eabi/lib/thumb/v7e-m/nofp/libg_nano.a(libc_a-wbuf.o)
 .ARM.attributes
                0x000001d8       0x2e /opt/gcc-arm-none-eabi/bin/../lib/gcc/arm-none-eabi/12.2.0/../../../../arm-none-eabi/lib/thumb/v7e-m/nofp/libg_nano.a(libc_a-wsetup.o)
 .ARM.attributes
                0x00000206       0x2e /opt/gcc-arm-none-eabi/bin/../lib/gcc/arm-none-eabi/12.2.0/../../../../arm-none-eabi/lib/thumb/v7e-m/nofp/libg_nano.a(libc_a-nano-vfprintf_i.o)
 .ARM.attributes
                0x00000234       0x2e /opt/gcc-arm-none-eabi/bin/../lib/gcc/arm-none-eabi/12.2.0/../../../../arm-none-eabi/lib/thumb/v7e-m/nofp/libg_nano.a(libc_a-impure.o)
 .ARM.attributes
                0x00000262       0x2e /opt/gcc-arm-none-eabi/bin/../lib/gcc/arm-none-eabi/12.2.0/../../../../arm-none-eabi/lib/thumb/v7e-m/nofp/libg_nano.a(libc_a-fflush.o)
 .ARM.attributes
                0x00000290       0x1c /opt/gcc-arm-none-eabi/bin/../lib/gcc/arm-none-eabi/12.2.0/../../../../arm-none-eabi/lib/thumb/v7e-m/nofp/libg_nano.a(libc_a-memchr.o)
 .ARM.attributes
                0x000002ac       0x2e /opt/gcc-arm-none-eabi/bin/../lib/gcc/arm-none-eabi/12.2.0/../../../../arm-none-eabi/lib/thumb/v7e-m/nofp/libg_nano.a(libc_a-findfp.o)
 .ARM.attributes
                0x000002da       0x2e /opt/gcc-arm-none-eabi/bin/../lib/gcc/arm-none-eabi/12.2.0/../../../../arm-none-eabi/lib/thumb/v7e-m/nofp/libg_nano.a(libc_a-stdio.o)
 .ARM.attributes
                0x00000308       0x2e /opt/gcc-arm-none-eabi/bin/../lib/gcc/arm-none-eabi/12.2.0/../../../../arm-none-eabi/lib/thumb/v7e-m/nofp/libg_nano.a(libc_a-writer.o)
 .ARM.attributes
                0x00000336       0x2e /opt/gcc-arm-none-eabi/bin/../lib/gcc/arm-none-eabi/12.2.0/../../../../arm-none-eabi/lib/thumb/v7e-m/nofp/libg_nano.a(libc_a-errno.o)
 .ARM.attributes
                0x00000364       0x2e /opt/gcc-arm-none-eabi/bin/../lib/gcc/arm-none-eabi/12.2.0/../../../../arm-none-eabi/lib/thumb/v7e-m/nofp/libg_nano.a(libc_a-fvwrite.o)
 .ARM.attributes
                0x00000392       0x2e /opt/gcc-arm-none-eabi/bin/../lib/gcc/arm-none-eabi/12.2.0/../../../../arm-none-eabi/lib/thumb/v7e-m/nofp/libg_nano.a(libc_a-fwalk.o)
 .ARM.attributes
                0x000003c0       0x2e /opt/gcc-arm-none-eabi/bin/../lib/gcc/arm-none-eabi/12.2.0/../../../../arm-none-eabi/lib/thumb/v7e-m/nofp/libg_nano.a(libc_a-memmove.o)
 .ARM.attributes
                0x000003ee       0x2e /opt/gcc-arm-none-eabi/bin/../lib/gcc/arm-none-eabi/12.2.0/../../../../arm-none-eabi/lib/thumb/v7e-m/nofp/libg_nano.a(libc_a-memset.o)
 .ARM.attributes
                0x0000041c       0x2e /opt/gcc-arm-none-eabi/bin/../lib/gcc/arm-none-eabi/12.2.0/../../../../arm-none-eabi/lib/thumb/v7e-m/nofp/libg_nano.a(libc_a-reallocr.o)
 .ARM.attributes
                0x0000044a       0x2e /opt/gcc-arm-none-eabi/bin/../lib/gcc/arm-none-eabi/12.2.0/../../../../arm-none-eabi/lib/thumb/v7e-m/nofp/libg_nano.a(libc_a-freer.o)
 .ARM.attributes
                0x00000478       0x2e /opt/gcc-arm-none-eabi/bin/../lib/gcc/arm-none-eabi/12.2.0/../../../../arm-none-eabi/lib/thumb/v7e-m/nofp/libg_nano.a(libc_a-lock.o)
 .ARM.attributes
                0x000004a6       0x2e /opt/gcc-arm-none-eabi/bin/../lib/gcc/arm-none-eabi/12.2.0/../../../../arm-none-eabi/lib/thumb/v7e-m/nofp/libg_nano.a(libc_a-makebuf.o)
 .ARM.attributes
                0x000004d4       0x2e /opt/gcc-arm-none-eabi/bin/../lib/gcc/arm-none-eabi/12.2.0/../../../../arm-none-eabi/lib/thumb/v7e-m/nofp/libg_nano.a(libc_a-closer.o)
 .ARM.attributes
                0x00000502       0x2e /opt/gcc-arm-none-eabi/bin/../lib/gcc/arm-none-eabi/12.2.0/../../../../arm-none-eabi/lib/thumb/v7e-m/nofp/libg_nano.a(libc_a-reent.o)
 .ARM.attributes
                0x00000530       0x2e /opt/gcc-arm-none-eabi/bin/../lib/gcc/arm-none-eabi/12.2.0/../../../../arm-none-eabi/lib/thumb/v7e-m/nofp/libg_nano.a(libc_a-memcpy-stub.o)
 .ARM.attributes
                0x0000055e       0x2e /opt/gcc-arm-none-eabi/bin/../lib/gcc/arm-none-eabi/12.2.0/../../../../arm-none-eabi/lib/thumb/v7e-m/nofp/libg_nano.a(libc_a-mallocr.o)
 .ARM.attributes
                0x0000058c       0x2e /opt/gcc-arm-none-eabi/bin/../lib/gcc/arm-none-eabi/12.2.0/../../../../arm-none-eabi/lib/thumb/v7e-m/nofp/libg_nano.a(libc_a-fstatr.o)
 .ARM.attributes
                0x000005ba       0x2e /opt/gcc-arm-none-eabi/bin/../lib/gcc/arm-none-eabi/12.2.0/../../../../arm-none-eabi/lib/thumb/v7e-m/nofp/libg_nano.a(libc_a-isattyr.o)
 .ARM.attributes
                0x000005e8       0x2e /opt/gcc-arm-none-eabi/bin/../lib/gcc/arm-none-eabi/12.2.0/../../../../arm-none-eabi/lib/thumb/v7e-m/nofp/libg_nano.a(libc_a-lseekr.o)
 .ARM.attributes
                0x00000616       0x2e /opt/gcc-arm-none-eabi/bin/../lib/gcc/arm-none-eabi/12.2.0/../../../../arm-none-eabi/lib/thumb/v7e-m/nofp/libg_nano.a(libc_a-readr.o)
 .ARM.attributes
                0x00000644       0x2e /opt/gcc-arm-none-eabi/bin/../lib/gcc/arm-none-eabi/12.2.0/../../../../arm-none-eabi/lib/thumb/v7e-m/nofp/libg_nano.a(libc_a-mlock.o)
 .ARM.attributes
                0x00000672       0x2e /opt/gcc-arm-none-eabi/bin/../lib/gcc/arm-none-eabi/12.2.0/../../../../arm-none-eabi/lib/thumb/v7e-m/nofp/libg_nano.a(libc_a-msizer.o)
 .ARM.attributes
                0x000006a0       0x2e /opt/gcc-arm-none-eabi/bin/../lib/gcc/arm-none-eabi/12.2.0/../../../../arm-none-eabi/lib/thumb/v7e-m/nofp/libg_nano.a(libc_a-sbrkr.o)
 .ARM.attributes
                0x000006ce       0x2e /opt/gcc-arm-none-eabi/bin/../lib/gcc/arm-none-eabi/12.2.0/thumb/v7e-m/nofp/crtend.o
 .ARM.attributes
                0x000006fc       0x1e /opt/gcc-arm-none-eabi/bin/../lib/gcc/arm-none-eabi/12.2.0/thumb/v7e-m/nofp/crtn.o

.comment        0x00000000       0x4c
 .comment       0x00000000       0x4c /opt/gcc-arm-none-eabi/bin/../lib/gcc/arm-none-eabi/12.2.0/thumb/v7e-m/nofp/crtbegin.o
                                 0x4d (size before relaxing)
 .comment       0x0000004c       0x4d src/obj/main.o
 .comment       0x0000004c       0x4d src/obj/syscalls.o
 .comment       0x0000004c       0x4d src/obj/startup_STM32F401RE.o
 .comment       0x0000004c       0x4d /opt/gcc-arm-none-eabi/bin/../lib/gcc/arm-none-eabi/12.2.0/../../../../arm-none-eabi/lib/thumb/v7e-m/nofp/libg_nano.a(libc_a-exit.o)
 .comment       0x0000004c       0x4d /opt/gcc-arm-none-eabi/bin/../lib/gcc/arm-none-eabi/12.2.0/../../../../arm-none-eabi/lib/thumb/v7e-m/nofp/libg_nano.a(libc_a-init.o)
 .comment       0x0000004c       0x4d /opt/gcc-arm-none-eabi/bin/../lib/gcc/arm-none-eabi/12.2.0/../../../../arm-none-eabi/lib/thumb/v7e-m/nofp/libg_nano.a(libc_a-printf.o)
 .comment       0x0000004c       0x4d /opt/gcc-arm-none-eabi/bin/../lib/gcc/arm-none-eabi/12.2.0/../../../../arm-none-eabi/lib/thumb/v7e-m/nofp/libg_nano.a(libc_a-nano-vfprintf.o)
 .comment       0x0000004c       0x4d /opt/gcc-arm-none-eabi/bin/../lib/gcc/arm-none-eabi/12.2.0/../../../../arm-none-eabi/lib/thumb/v7e-m/nofp/libg_nano.a(libc_a-wbuf.o)
 .comment       0x0000004c       0x4d /opt/gcc-arm-none-eabi/bin/../lib/gcc/arm-none-eabi/12.2.0/../../../../arm-none-eabi/lib/thumb/v7e-m/nofp/libg_nano.a(libc_a-wsetup.o)
 .comment       0x0000004c       0x4d /opt/gcc-arm-none-eabi/bin/../lib/gcc/arm-none-eabi/12.2.0/../../../../arm-none-eabi/lib/thumb/v7e-m/nofp/libg_nano.a(libc_a-nano-vfprintf_i.o)
 .comment       0x0000004c       0x4d /opt/gcc-arm-none-eabi/bin/../lib/gcc/arm-none-eabi/12.2.0/../../../../arm-none-eabi/lib/thumb/v7e-m/nofp/libg_nano.a(libc_a-impure.o)
 .comment       0x0000004c       0x4d /opt/gcc-arm-none-eabi/bin/../lib/gcc/arm-none-eabi/12.2.0/../../../../arm-none-eabi/lib/thumb/v7e-m/nofp/libg_nano.a(libc_a-fflush.o)
 .comment       0x0000004c       0x4d /opt/gcc-arm-none-eabi/bin/../lib/gcc/arm-none-eabi/12.2.0/../../../../arm-none-eabi/lib/thumb/v7e-m/nofp/libg_nano.a(libc_a-findfp.o)
 .comment       0x0000004c       0x4d /opt/gcc-arm-none-eabi/bin/../lib/gcc/arm-none-eabi/12.2.0/../../../../arm-none-eabi/lib/thumb/v7e-m/nofp/libg_nano.a(libc_a-stdio.o)
 .comment       0x0000004c       0x4d /opt/gcc-arm-none-eabi/bin/../lib/gcc/arm-none-eabi/12.2.0/../../../../arm-none-eabi/lib/thumb/v7e-m/nofp/libg_nano.a(libc_a-writer.o)
 .comment       0x0000004c       0x4d /opt/gcc-arm-none-eabi/bin/../lib/gcc/arm-none-eabi/12.2.0/../../../../arm-none-eabi/lib/thumb/v7e-m/nofp/libg_nano.a(libc_a-errno.o)
 .comment       0x0000004c       0x4d /opt/gcc-arm-none-eabi/bin/../lib/gcc/arm-none-eabi/12.2.0/../../../../arm-none-eabi/lib/thumb/v7e-m/nofp/libg_nano.a(libc_a-fvwrite.o)
 .comment       0x0000004c       0x4d /opt/gcc-arm-none-eabi/bin/../lib/gcc/arm-none-eabi/12.2.0/../../../../arm-none-eabi/lib/thumb/v7e-m/nofp/libg_nano.a(libc_a-fwalk.o)
 .comment       0x0000004c       0x4d /opt/gcc-arm-none-eabi/bin/../lib/gcc/arm-none-eabi/12.2.0/../../../../arm-none-eabi/lib/thumb/v7e-m/nofp/libg_nano.a(libc_a-memmove.o)
 .comment       0x0000004c       0x4d /opt/gcc-arm-none-eabi/bin/../lib/gcc/arm-none-eabi/12.2.0/../../../../arm-none-eabi/lib/thumb/v7e-m/nofp/libg_nano.a(libc_a-memset.o)
 .comment       0x0000004c       0x4d /opt/gcc-arm-none-eabi/bin/../lib/gcc/arm-none-eabi/12.2.0/../../../../arm-none-eabi/lib/thumb/v7e-m/nofp/libg_nano.a(libc_a-reallocr.o)
 .comment       0x0000004c       0x4d /opt/gcc-arm-none-eabi/bin/../lib/gcc/arm-none-eabi/12.2.0/../../../../arm-none-eabi/lib/thumb/v7e-m/nofp/libg_nano.a(libc_a-freer.o)
 .comment       0x0000004c       0x4d /opt/gcc-arm-none-eabi/bin/../lib/gcc/arm-none-eabi/12.2.0/../../../../arm-none-eabi/lib/thumb/v7e-m/nofp/libg_nano.a(libc_a-lock.o)
 .comment       0x0000004c       0x4d /opt/gcc-arm-none-eabi/bin/../lib/gcc/arm-none-eabi/12.2.0/../../../../arm-none-eabi/lib/thumb/v7e-m/nofp/libg_nano.a(libc_a-makebuf.o)
 .comment       0x0000004c       0x4d /opt/gcc-arm-none-eabi/bin/../lib/gcc/arm-none-eabi/12.2.0/../../../../arm-none-eabi/lib/thumb/v7e-m/nofp/libg_nano.a(libc_a-closer.o)
 .comment       0x0000004c       0x4d /opt/gcc-arm-none-eabi/bin/../lib/gcc/arm-none-eabi/12.2.0/../../../../arm-none-eabi/lib/thumb/v7e-m/nofp/libg_nano.a(libc_a-reent.o)
 .comment       0x0000004c       0x4d /opt/gcc-arm-none-eabi/bin/../lib/gcc/arm-none-eabi/12.2.0/../../../../arm-none-eabi/lib/thumb/v7e-m/nofp/libg_nano.a(libc_a-memcpy-stub.o)
 .comment       0x0000004c       0x4d /opt/gcc-arm-none-eabi/bin/../lib/gcc/arm-none-eabi/12.2.0/../../../../arm-none-eabi/lib/thumb/v7e-m/nofp/libg_nano.a(libc_a-mallocr.o)
 .comment       0x0000004c       0x4d /opt/gcc-arm-none-eabi/bin/../lib/gcc/arm-none-eabi/12.2.0/../../../../arm-none-eabi/lib/thumb/v7e-m/nofp/libg_nano.a(libc_a-fstatr.o)
 .comment       0x0000004c       0x4d /opt/gcc-arm-none-eabi/bin/../lib/gcc/arm-none-eabi/12.2.0/../../../../arm-none-eabi/lib/thumb/v7e-m/nofp/libg_nano.a(libc_a-isattyr.o)
 .comment       0x0000004c       0x4d /opt/gcc-arm-none-eabi/bin/../lib/gcc/arm-none-eabi/12.2.0/../../../../arm-none-eabi/lib/thumb/v7e-m/nofp/libg_nano.a(libc_a-lseekr.o)
 .comment       0x0000004c       0x4d /opt/gcc-arm-none-eabi/bin/../lib/gcc/arm-none-eabi/12.2.0/../../../../arm-none-eabi/lib/thumb/v7e-m/nofp/libg_nano.a(libc_a-readr.o)
 .comment       0x0000004c       0x4d /opt/gcc-arm-none-eabi/bin/../lib/gcc/arm-none-eabi/12.2.0/../../../../arm-none-eabi/lib/thumb/v7e-m/nofp/libg_nano.a(libc_a-mlock.o)
 .comment       0x0000004c       0x4d /opt/gcc-arm-none-eabi/bin/../lib/gcc/arm-none-eabi/12.2.0/../../../../arm-none-eabi/lib/thumb/v7e-m/nofp/libg_nano.a(libc_a-msizer.o)
 .comment       0x0000004c       0x4d /opt/gcc-arm-none-eabi/bin/../lib/gcc/arm-none-eabi/12.2.0/../../../../arm-none-eabi/lib/thumb/v7e-m/nofp/libg_nano.a(libc_a-sbrkr.o)
 .comment       0x0000004c       0x4d /opt/gcc-arm-none-eabi/bin/../lib/gcc/arm-none-eabi/12.2.0/thumb/v7e-m/nofp/crtend.o

.debug_line     0x00000000     0x65bf
 .debug_line    0x00000000       0x76 /opt/gcc-arm-none-eabi/bin/../lib/gcc/arm-none-eabi/12.2.0/../../../../arm-none-eabi/lib/thumb/v7e-m/nofp/crt0.o
 .debug_line    0x00000076      0x1b5 src/obj/main.o
 .debug_line    0x0000022b      0x322 src/obj/syscalls.o
 .debug_line    0x0000054d      0x117 src/obj/startup_STM32F401RE.o
 .debug_line    0x00000664      0x19a /opt/gcc-arm-none-eabi/bin/../lib/gcc/arm-none-eabi/12.2.0/../../../../arm-none-eabi/lib/thumb/v7e-m/nofp/libg_nano.a(libc_a-exit.o)
 .debug_line    0x000007fe      0x188 /opt/gcc-arm-none-eabi/bin/../lib/gcc/arm-none-eabi/12.2.0/../../../../arm-none-eabi/lib/thumb/v7e-m/nofp/libg_nano.a(libc_a-init.o)
 .debug_line    0x00000986      0x26b /opt/gcc-arm-none-eabi/bin/../lib/gcc/arm-none-eabi/12.2.0/../../../../arm-none-eabi/lib/thumb/v7e-m/nofp/libg_nano.a(libc_a-printf.o)
 .debug_line    0x00000bf1      0x700 /opt/gcc-arm-none-eabi/bin/../lib/gcc/arm-none-eabi/12.2.0/../../../../arm-none-eabi/lib/thumb/v7e-m/nofp/libg_nano.a(libc_a-nano-vfprintf.o)
 .debug_line    0x000012f1      0x2e6 /opt/gcc-arm-none-eabi/bin/../lib/gcc/arm-none-eabi/12.2.0/../../../../arm-none-eabi/lib/thumb/v7e-m/nofp/libg_nano.a(libc_a-wbuf.o)
 .debug_line    0x000015d7      0x316 /opt/gcc-arm-none-eabi/bin/../lib/gcc/arm-none-eabi/12.2.0/../../../../arm-none-eabi/lib/thumb/v7e-m/nofp/libg_nano.a(libc_a-wsetup.o)
 .debug_line    0x000018ed      0x780 /opt/gcc-arm-none-eabi/bin/../lib/gcc/arm-none-eabi/12.2.0/../../../../arm-none-eabi/lib/thumb/v7e-m/nofp/libg_nano.a(libc_a-nano-vfprintf_i.o)
 .debug_line    0x0000206d      0x16c /opt/gcc-arm-none-eabi/bin/../lib/gcc/arm-none-eabi/12.2.0/../../../../arm-none-eabi/lib/thumb/v7e-m/nofp/libg_nano.a(libc_a-impure.o)
 .debug_line    0x000021d9      0x4a6 /opt/gcc-arm-none-eabi/bin/../lib/gcc/arm-none-eabi/12.2.0/../../../../arm-none-eabi/lib/thumb/v7e-m/nofp/libg_nano.a(libc_a-fflush.o)
 .debug_line    0x0000267f       0x81 /opt/gcc-arm-none-eabi/bin/../lib/gcc/arm-none-eabi/12.2.0/../../../../arm-none-eabi/lib/thumb/v7e-m/nofp/libg_nano.a(libc_a-memchr.o)
 .debug_line    0x00002700      0x589 /opt/gcc-arm-none-eabi/bin/../lib/gcc/arm-none-eabi/12.2.0/../../../../arm-none-eabi/lib/thumb/v7e-m/nofp/libg_nano.a(libc_a-findfp.o)
 .debug_line    0x00002c89      0x2fb /opt/gcc-arm-none-eabi/bin/../lib/gcc/arm-none-eabi/12.2.0/../../../../arm-none-eabi/lib/thumb/v7e-m/nofp/libg_nano.a(libc_a-stdio.o)
 .debug_line    0x00002f84      0x22c /opt/gcc-arm-none-eabi/bin/../lib/gcc/arm-none-eabi/12.2.0/../../../../arm-none-eabi/lib/thumb/v7e-m/nofp/libg_nano.a(libc_a-writer.o)
 .debug_line    0x000031b0      0x18e /opt/gcc-arm-none-eabi/bin/../lib/gcc/arm-none-eabi/12.2.0/../../../../arm-none-eabi/lib/thumb/v7e-m/nofp/libg_nano.a(libc_a-errno.o)
 .debug_line    0x0000333e      0x61b /opt/gcc-arm-none-eabi/bin/../lib/gcc/arm-none-eabi/12.2.0/../../../../arm-none-eabi/lib/thumb/v7e-m/nofp/libg_nano.a(libc_a-fvwrite.o)
 .debug_line    0x00003959      0x24b /opt/gcc-arm-none-eabi/bin/../lib/gcc/arm-none-eabi/12.2.0/../../../../arm-none-eabi/lib/thumb/v7e-m/nofp/libg_nano.a(libc_a-fwalk.o)
 .debug_line    0x00003ba4      0x1c5 /opt/gcc-arm-none-eabi/bin/../lib/gcc/arm-none-eabi/12.2.0/../../../../arm-none-eabi/lib/thumb/v7e-m/nofp/libg_nano.a(libc_a-memmove.o)
 .debug_line    0x00003d69      0x187 /opt/gcc-arm-none-eabi/bin/../lib/gcc/arm-none-eabi/12.2.0/../../../../arm-none-eabi/lib/thumb/v7e-m/nofp/libg_nano.a(libc_a-memset.o)
 .debug_line    0x00003ef0      0x286 /opt/gcc-arm-none-eabi/bin/../lib/gcc/arm-none-eabi/12.2.0/../../../../arm-none-eabi/lib/thumb/v7e-m/nofp/libg_nano.a(libc_a-reallocr.o)
 .debug_line    0x00004176      0x327 /opt/gcc-arm-none-eabi/bin/../lib/gcc/arm-none-eabi/12.2.0/../../../../arm-none-eabi/lib/thumb/v7e-m/nofp/libg_nano.a(libc_a-freer.o)
 .debug_line    0x0000449d      0x1ad /opt/gcc-arm-none-eabi/bin/../lib/gcc/arm-none-eabi/12.2.0/../../../../arm-none-eabi/lib/thumb/v7e-m/nofp/libg_nano.a(libc_a-lock.o)
 .debug_line    0x0000464a      0x3cd /opt/gcc-arm-none-eabi/bin/../lib/gcc/arm-none-eabi/12.2.0/../../../../arm-none-eabi/lib/thumb/v7e-m/nofp/libg_nano.a(libc_a-makebuf.o)
 .debug_line    0x00004a17      0x22d /opt/gcc-arm-none-eabi/bin/../lib/gcc/arm-none-eabi/12.2.0/../../../../arm-none-eabi/lib/thumb/v7e-m/nofp/libg_nano.a(libc_a-closer.o)
 .debug_line    0x00004c44      0x2e9 /opt/gcc-arm-none-eabi/bin/../lib/gcc/arm-none-eabi/12.2.0/../../../../arm-none-eabi/lib/thumb/v7e-m/nofp/libg_nano.a(libc_a-reent.o)
 .debug_line    0x00004f2d      0x214 /opt/gcc-arm-none-eabi/bin/../lib/gcc/arm-none-eabi/12.2.0/../../../../arm-none-eabi/lib/thumb/v7e-m/nofp/libg_nano.a(libc_a-memcpy-stub.o)
 .debug_line    0x00005141      0x4ec /opt/gcc-arm-none-eabi/bin/../lib/gcc/arm-none-eabi/12.2.0/../../../../arm-none-eabi/lib/thumb/v7e-m/nofp/libg_nano.a(libc_a-mallocr.o)
 .debug_line    0x0000562d      0x2ca /opt/gcc-arm-none-eabi/bin/../lib/gcc/arm-none-eabi/12.2.0/../../../../arm-none-eabi/lib/thumb/v7e-m/nofp/libg_nano.a(libc_a-fstatr.o)
 .debug_line    0x000058f7      0x22e /opt/gcc-arm-none-eabi/bin/../lib/gcc/arm-none-eabi/12.2.0/../../../../arm-none-eabi/lib/thumb/v7e-m/nofp/libg_nano.a(libc_a-isattyr.o)
 .debug_line    0x00005b25      0x22c /opt/gcc-arm-none-eabi/bin/../lib/gcc/arm-none-eabi/12.2.0/../../../../arm-none-eabi/lib/thumb/v7e-m/nofp/libg_nano.a(libc_a-lseekr.o)
 .debug_line    0x00005d51      0x22b /opt/gcc-arm-none-eabi/bin/../lib/gcc/arm-none-eabi/12.2.0/../../../../arm-none-eabi/lib/thumb/v7e-m/nofp/libg_nano.a(libc_a-readr.o)
 .debug_line    0x00005f7c      0x1ff /opt/gcc-arm-none-eabi/bin/../lib/gcc/arm-none-eabi/12.2.0/../../../../arm-none-eabi/lib/thumb/v7e-m/nofp/libg_nano.a(libc_a-mlock.o)
 .debug_line    0x0000617b      0x217 /opt/gcc-arm-none-eabi/bin/../lib/gcc/arm-none-eabi/12.2.0/../../../../arm-none-eabi/lib/thumb/v7e-m/nofp/libg_nano.a(libc_a-msizer.o)
 .debug_line    0x00006392      0x22d /opt/gcc-arm-none-eabi/bin/../lib/gcc/arm-none-eabi/12.2.0/../../../../arm-none-eabi/lib/thumb/v7e-m/nofp/libg_nano.a(libc_a-sbrkr.o)

.debug_line_str
                0x00000000      0x1d0
 .debug_line_str
                0x00000000       0xe9 /opt/gcc-arm-none-eabi/bin/../lib/gcc/arm-none-eabi/12.2.0/../../../../arm-none-eabi/lib/thumb/v7e-m/nofp/crt0.o
 .debug_line_str
                0x000000e9       0xe7 /opt/gcc-arm-none-eabi/bin/../lib/gcc/arm-none-eabi/12.2.0/../../../../arm-none-eabi/lib/thumb/v7e-m/nofp/libg_nano.a(libc_a-memchr.o)

.debug_info     0x00000000    0x108c4
 .debug_info    0x00000000       0x24 /opt/gcc-arm-none-eabi/bin/../lib/gcc/arm-none-eabi/12.2.0/../../../../arm-none-eabi/lib/thumb/v7e-m/nofp/crt0.o
 .debug_info    0x00000024      0x60d src/obj/main.o
 .debug_info    0x00000631      0xa5b src/obj/syscalls.o
 .debug_info    0x0000108c      0x17d src/obj/startup_STM32F401RE.o
 .debug_info    0x00001209      0x11b /opt/gcc-arm-none-eabi/bin/../lib/gcc/arm-none-eabi/12.2.0/../../../../arm-none-eabi/lib/thumb/v7e-m/nofp/libg_nano.a(libc_a-exit.o)
 .debug_info    0x00001324      0x10b /opt/gcc-arm-none-eabi/bin/../lib/gcc/arm-none-eabi/12.2.0/../../../../arm-none-eabi/lib/thumb/v7e-m/nofp/libg_nano.a(libc_a-init.o)
 .debug_info    0x0000142f      0x83a /opt/gcc-arm-none-eabi/bin/../lib/gcc/arm-none-eabi/12.2.0/../../../../arm-none-eabi/lib/thumb/v7e-m/nofp/libg_nano.a(libc_a-printf.o)
 .debug_info    0x00001c69     0x1079 /opt/gcc-arm-none-eabi/bin/../lib/gcc/arm-none-eabi/12.2.0/../../../../arm-none-eabi/lib/thumb/v7e-m/nofp/libg_nano.a(libc_a-nano-vfprintf.o)
 .debug_info    0x00002ce2      0x867 /opt/gcc-arm-none-eabi/bin/../lib/gcc/arm-none-eabi/12.2.0/../../../../arm-none-eabi/lib/thumb/v7e-m/nofp/libg_nano.a(libc_a-wbuf.o)
 .debug_info    0x00003549      0x7ba /opt/gcc-arm-none-eabi/bin/../lib/gcc/arm-none-eabi/12.2.0/../../../../arm-none-eabi/lib/thumb/v7e-m/nofp/libg_nano.a(libc_a-wsetup.o)
 .debug_info    0x00003d03      0xddf /opt/gcc-arm-none-eabi/bin/../lib/gcc/arm-none-eabi/12.2.0/../../../../arm-none-eabi/lib/thumb/v7e-m/nofp/libg_nano.a(libc_a-nano-vfprintf_i.o)
 .debug_info    0x00004ae2      0x714 /opt/gcc-arm-none-eabi/bin/../lib/gcc/arm-none-eabi/12.2.0/../../../../arm-none-eabi/lib/thumb/v7e-m/nofp/libg_nano.a(libc_a-impure.o)
 .debug_info    0x000051f6      0x9ee /opt/gcc-arm-none-eabi/bin/../lib/gcc/arm-none-eabi/12.2.0/../../../../arm-none-eabi/lib/thumb/v7e-m/nofp/libg_nano.a(libc_a-fflush.o)
 .debug_info    0x00005be4       0x25 /opt/gcc-arm-none-eabi/bin/../lib/gcc/arm-none-eabi/12.2.0/../../../../arm-none-eabi/lib/thumb/v7e-m/nofp/libg_nano.a(libc_a-memchr.o)
 .debug_info    0x00005c09      0xf8f /opt/gcc-arm-none-eabi/bin/../lib/gcc/arm-none-eabi/12.2.0/../../../../arm-none-eabi/lib/thumb/v7e-m/nofp/libg_nano.a(libc_a-findfp.o)
 .debug_info    0x00006b98      0xa53 /opt/gcc-arm-none-eabi/bin/../lib/gcc/arm-none-eabi/12.2.0/../../../../arm-none-eabi/lib/thumb/v7e-m/nofp/libg_nano.a(libc_a-stdio.o)
 .debug_info    0x000075eb      0x7b2 /opt/gcc-arm-none-eabi/bin/../lib/gcc/arm-none-eabi/12.2.0/../../../../arm-none-eabi/lib/thumb/v7e-m/nofp/libg_nano.a(libc_a-writer.o)
 .debug_info    0x00007d9d      0x6fa /opt/gcc-arm-none-eabi/bin/../lib/gcc/arm-none-eabi/12.2.0/../../../../arm-none-eabi/lib/thumb/v7e-m/nofp/libg_nano.a(libc_a-errno.o)
 .debug_info    0x00008497      0xb39 /opt/gcc-arm-none-eabi/bin/../lib/gcc/arm-none-eabi/12.2.0/../../../../arm-none-eabi/lib/thumb/v7e-m/nofp/libg_nano.a(libc_a-fvwrite.o)
 .debug_info    0x00008fd0      0x7d1 /opt/gcc-arm-none-eabi/bin/../lib/gcc/arm-none-eabi/12.2.0/../../../../arm-none-eabi/lib/thumb/v7e-m/nofp/libg_nano.a(libc_a-fwalk.o)
 .debug_info    0x000097a1      0x10f /opt/gcc-arm-none-eabi/bin/../lib/gcc/arm-none-eabi/12.2.0/../../../../arm-none-eabi/lib/thumb/v7e-m/nofp/libg_nano.a(libc_a-memmove.o)
 .debug_info    0x000098b0       0xe0 /opt/gcc-arm-none-eabi/bin/../lib/gcc/arm-none-eabi/12.2.0/../../../../arm-none-eabi/lib/thumb/v7e-m/nofp/libg_nano.a(libc_a-memset.o)
 .debug_info    0x00009990      0x8c6 /opt/gcc-arm-none-eabi/bin/../lib/gcc/arm-none-eabi/12.2.0/../../../../arm-none-eabi/lib/thumb/v7e-m/nofp/libg_nano.a(libc_a-reallocr.o)
 .debug_info    0x0000a256      0x84a /opt/gcc-arm-none-eabi/bin/../lib/gcc/arm-none-eabi/12.2.0/../../../../arm-none-eabi/lib/thumb/v7e-m/nofp/libg_nano.a(libc_a-freer.o)
 .debug_info    0x0000aaa0      0x20a /opt/gcc-arm-none-eabi/bin/../lib/gcc/arm-none-eabi/12.2.0/../../../../arm-none-eabi/lib/thumb/v7e-m/nofp/libg_nano.a(libc_a-lock.o)
 .debug_info    0x0000acaa      0xb19 /opt/gcc-arm-none-eabi/bin/../lib/gcc/arm-none-eabi/12.2.0/../../../../arm-none-eabi/lib/thumb/v7e-m/nofp/libg_nano.a(libc_a-makebuf.o)
 .debug_info    0x0000b7c3      0x755 /opt/gcc-arm-none-eabi/bin/../lib/gcc/arm-none-eabi/12.2.0/../../../../arm-none-eabi/lib/thumb/v7e-m/nofp/libg_nano.a(libc_a-closer.o)
 .debug_info    0x0000bf18      0x854 /opt/gcc-arm-none-eabi/bin/../lib/gcc/arm-none-eabi/12.2.0/../../../../arm-none-eabi/lib/thumb/v7e-m/nofp/libg_nano.a(libc_a-reent.o)
 .debug_info    0x0000c76c      0x121 /opt/gcc-arm-none-eabi/bin/../lib/gcc/arm-none-eabi/12.2.0/../../../../arm-none-eabi/lib/thumb/v7e-m/nofp/libg_nano.a(libc_a-memcpy-stub.o)
 .debug_info    0x0000c88d      0x9b5 /opt/gcc-arm-none-eabi/bin/../lib/gcc/arm-none-eabi/12.2.0/../../../../arm-none-eabi/lib/thumb/v7e-m/nofp/libg_nano.a(libc_a-mallocr.o)
 .debug_info    0x0000d242      0x974 /opt/gcc-arm-none-eabi/bin/../lib/gcc/arm-none-eabi/12.2.0/../../../../arm-none-eabi/lib/thumb/v7e-m/nofp/libg_nano.a(libc_a-fstatr.o)
 .debug_info    0x0000dbb6      0x755 /opt/gcc-arm-none-eabi/bin/../lib/gcc/arm-none-eabi/12.2.0/../../../../arm-none-eabi/lib/thumb/v7e-m/nofp/libg_nano.a(libc_a-isattyr.o)
 .debug_info    0x0000e30b      0x795 /opt/gcc-arm-none-eabi/bin/../lib/gcc/arm-none-eabi/12.2.0/../../../../arm-none-eabi/lib/thumb/v7e-m/nofp/libg_nano.a(libc_a-lseekr.o)
 .debug_info    0x0000eaa0      0x7ac /opt/gcc-arm-none-eabi/bin/../lib/gcc/arm-none-eabi/12.2.0/../../../../arm-none-eabi/lib/thumb/v7e-m/nofp/libg_nano.a(libc_a-readr.o)
 .debug_info    0x0000f24c      0x76a /opt/gcc-arm-none-eabi/bin/../lib/gcc/arm-none-eabi/12.2.0/../../../../arm-none-eabi/lib/thumb/v7e-m/nofp/libg_nano.a(libc_a-mlock.o)
 .debug_info    0x0000f9b6      0x793 /opt/gcc-arm-none-eabi/bin/../lib/gcc/arm-none-eabi/12.2.0/../../../../arm-none-eabi/lib/thumb/v7e-m/nofp/libg_nano.a(libc_a-msizer.o)
 .debug_info    0x00010149      0x77b /opt/gcc-arm-none-eabi/bin/../lib/gcc/arm-none-eabi/12.2.0/../../../../arm-none-eabi/lib/thumb/v7e-m/nofp/libg_nano.a(libc_a-sbrkr.o)

.debug_abbrev   0x00000000     0x3f6f
 .debug_abbrev  0x00000000       0x14 /opt/gcc-arm-none-eabi/bin/../lib/gcc/arm-none-eabi/12.2.0/../../../../arm-none-eabi/lib/thumb/v7e-m/nofp/crt0.o
 .debug_abbrev  0x00000014      0x17c src/obj/main.o
 .debug_abbrev  0x00000190      0x282 src/obj/syscalls.o
 .debug_abbrev  0x00000412       0xfa src/obj/startup_STM32F401RE.o
 .debug_abbrev  0x0000050c       0xd8 /opt/gcc-arm-none-eabi/bin/../lib/gcc/arm-none-eabi/12.2.0/../../../../arm-none-eabi/lib/thumb/v7e-m/nofp/libg_nano.a(libc_a-exit.o)
 .debug_abbrev  0x000005e4       0xc9 /opt/gcc-arm-none-eabi/bin/../lib/gcc/arm-none-eabi/12.2.0/../../../../arm-none-eabi/lib/thumb/v7e-m/nofp/libg_nano.a(libc_a-init.o)
 .debug_abbrev  0x000006ad      0x21a /opt/gcc-arm-none-eabi/bin/../lib/gcc/arm-none-eabi/12.2.0/../../../../arm-none-eabi/lib/thumb/v7e-m/nofp/libg_nano.a(libc_a-printf.o)
 .debug_abbrev  0x000008c7      0x317 /opt/gcc-arm-none-eabi/bin/../lib/gcc/arm-none-eabi/12.2.0/../../../../arm-none-eabi/lib/thumb/v7e-m/nofp/libg_nano.a(libc_a-nano-vfprintf.o)
 .debug_abbrev  0x00000bde      0x22d /opt/gcc-arm-none-eabi/bin/../lib/gcc/arm-none-eabi/12.2.0/../../../../arm-none-eabi/lib/thumb/v7e-m/nofp/libg_nano.a(libc_a-wbuf.o)
 .debug_abbrev  0x00000e0b      0x1e2 /opt/gcc-arm-none-eabi/bin/../lib/gcc/arm-none-eabi/12.2.0/../../../../arm-none-eabi/lib/thumb/v7e-m/nofp/libg_nano.a(libc_a-wsetup.o)
 .debug_abbrev  0x00000fed      0x28f /opt/gcc-arm-none-eabi/bin/../lib/gcc/arm-none-eabi/12.2.0/../../../../arm-none-eabi/lib/thumb/v7e-m/nofp/libg_nano.a(libc_a-nano-vfprintf_i.o)
 .debug_abbrev  0x0000127c      0x149 /opt/gcc-arm-none-eabi/bin/../lib/gcc/arm-none-eabi/12.2.0/../../../../arm-none-eabi/lib/thumb/v7e-m/nofp/libg_nano.a(libc_a-impure.o)
 .debug_abbrev  0x000013c5      0x2a8 /opt/gcc-arm-none-eabi/bin/../lib/gcc/arm-none-eabi/12.2.0/../../../../arm-none-eabi/lib/thumb/v7e-m/nofp/libg_nano.a(libc_a-fflush.o)
 .debug_abbrev  0x0000166d       0x14 /opt/gcc-arm-none-eabi/bin/../lib/gcc/arm-none-eabi/12.2.0/../../../../arm-none-eabi/lib/thumb/v7e-m/nofp/libg_nano.a(libc_a-memchr.o)
 .debug_abbrev  0x00001681      0x40c /opt/gcc-arm-none-eabi/bin/../lib/gcc/arm-none-eabi/12.2.0/../../../../arm-none-eabi/lib/thumb/v7e-m/nofp/libg_nano.a(libc_a-findfp.o)
 .debug_abbrev  0x00001a8d      0x221 /opt/gcc-arm-none-eabi/bin/../lib/gcc/arm-none-eabi/12.2.0/../../../../arm-none-eabi/lib/thumb/v7e-m/nofp/libg_nano.a(libc_a-stdio.o)
 .debug_abbrev  0x00001cae      0x1b5 /opt/gcc-arm-none-eabi/bin/../lib/gcc/arm-none-eabi/12.2.0/../../../../arm-none-eabi/lib/thumb/v7e-m/nofp/libg_nano.a(libc_a-writer.o)
 .debug_abbrev  0x00001e63      0x15e /opt/gcc-arm-none-eabi/bin/../lib/gcc/arm-none-eabi/12.2.0/../../../../arm-none-eabi/lib/thumb/v7e-m/nofp/libg_nano.a(libc_a-errno.o)
 .debug_abbrev  0x00001fc1      0x21b /opt/gcc-arm-none-eabi/bin/../lib/gcc/arm-none-eabi/12.2.0/../../../../arm-none-eabi/lib/thumb/v7e-m/nofp/libg_nano.a(libc_a-fvwrite.o)
 .debug_abbrev  0x000021dc      0x19b /opt/gcc-arm-none-eabi/bin/../lib/gcc/arm-none-eabi/12.2.0/../../../../arm-none-eabi/lib/thumb/v7e-m/nofp/libg_nano.a(libc_a-fwalk.o)
 .debug_abbrev  0x00002377       0xac /opt/gcc-arm-none-eabi/bin/../lib/gcc/arm-none-eabi/12.2.0/../../../../arm-none-eabi/lib/thumb/v7e-m/nofp/libg_nano.a(libc_a-memmove.o)
 .debug_abbrev  0x00002423       0x9e /opt/gcc-arm-none-eabi/bin/../lib/gcc/arm-none-eabi/12.2.0/../../../../arm-none-eabi/lib/thumb/v7e-m/nofp/libg_nano.a(libc_a-memset.o)
 .debug_abbrev  0x000024c1      0x217 /opt/gcc-arm-none-eabi/bin/../lib/gcc/arm-none-eabi/12.2.0/../../../../arm-none-eabi/lib/thumb/v7e-m/nofp/libg_nano.a(libc_a-reallocr.o)
 .debug_abbrev  0x000026d8      0x236 /opt/gcc-arm-none-eabi/bin/../lib/gcc/arm-none-eabi/12.2.0/../../../../arm-none-eabi/lib/thumb/v7e-m/nofp/libg_nano.a(libc_a-freer.o)
 .debug_abbrev  0x0000290e      0x115 /opt/gcc-arm-none-eabi/bin/../lib/gcc/arm-none-eabi/12.2.0/../../../../arm-none-eabi/lib/thumb/v7e-m/nofp/libg_nano.a(libc_a-lock.o)
 .debug_abbrev  0x00002a23      0x28e /opt/gcc-arm-none-eabi/bin/../lib/gcc/arm-none-eabi/12.2.0/../../../../arm-none-eabi/lib/thumb/v7e-m/nofp/libg_nano.a(libc_a-makebuf.o)
 .debug_abbrev  0x00002cb1      0x1b0 /opt/gcc-arm-none-eabi/bin/../lib/gcc/arm-none-eabi/12.2.0/../../../../arm-none-eabi/lib/thumb/v7e-m/nofp/libg_nano.a(libc_a-closer.o)
 .debug_abbrev  0x00002e61      0x1ed /opt/gcc-arm-none-eabi/bin/../lib/gcc/arm-none-eabi/12.2.0/../../../../arm-none-eabi/lib/thumb/v7e-m/nofp/libg_nano.a(libc_a-reent.o)
 .debug_abbrev  0x0000304e       0xc1 /opt/gcc-arm-none-eabi/bin/../lib/gcc/arm-none-eabi/12.2.0/../../../../arm-none-eabi/lib/thumb/v7e-m/nofp/libg_nano.a(libc_a-memcpy-stub.o)
 .debug_abbrev  0x0000310f      0x24a /opt/gcc-arm-none-eabi/bin/../lib/gcc/arm-none-eabi/12.2.0/../../../../arm-none-eabi/lib/thumb/v7e-m/nofp/libg_nano.a(libc_a-mallocr.o)
 .debug_abbrev  0x00003359      0x1c3 /opt/gcc-arm-none-eabi/bin/../lib/gcc/arm-none-eabi/12.2.0/../../../../arm-none-eabi/lib/thumb/v7e-m/nofp/libg_nano.a(libc_a-fstatr.o)
 .debug_abbrev  0x0000351c      0x1b0 /opt/gcc-arm-none-eabi/bin/../lib/gcc/arm-none-eabi/12.2.0/../../../../arm-none-eabi/lib/thumb/v7e-m/nofp/libg_nano.a(libc_a-isattyr.o)
 .debug_abbrev  0x000036cc      0x1c4 /opt/gcc-arm-none-eabi/bin/../lib/gcc/arm-none-eabi/12.2.0/../../../../arm-none-eabi/lib/thumb/v7e-m/nofp/libg_nano.a(libc_a-lseekr.o)
 .debug_abbrev  0x00003890      0x1b0 /opt/gcc-arm-none-eabi/bin/../lib/gcc/arm-none-eabi/12.2.0/../../../../arm-none-eabi/lib/thumb/v7e-m/nofp/libg_nano.a(libc_a-readr.o)
 .debug_abbrev  0x00003a40      0x1bf /opt/gcc-arm-none-eabi/bin/../lib/gcc/arm-none-eabi/12.2.0/../../../../arm-none-eabi/lib/thumb/v7e-m/nofp/libg_nano.a(libc_a-mlock.o)
 .debug_abbrev  0x00003bff      0x196 /opt/gcc-arm-none-eabi/bin/../lib/gcc/arm-none-eabi/12.2.0/../../../../arm-none-eabi/lib/thumb/v7e-m/nofp/libg_nano.a(libc_a-msizer.o)
 .debug_abbrev  0x00003d95      0x1da /opt/gcc-arm-none-eabi/bin/../lib/gcc/arm-none-eabi/12.2.0/../../../../arm-none-eabi/lib/thumb/v7e-m/nofp/libg_nano.a(libc_a-sbrkr.o)

.debug_aranges  0x00000000      0x5b8
 .debug_aranges
                0x00000000       0x20 /opt/gcc-arm-none-eabi/bin/../lib/gcc/arm-none-eabi/12.2.0/../../../../arm-none-eabi/lib/thumb/v7e-m/nofp/crt0.o
 .debug_aranges
                0x00000020       0x20 src/obj/main.o
 .debug_aranges
                0x00000040       0x20 src/obj/syscalls.o
 .debug_aranges
                0x00000060       0x20 src/obj/startup_STM32F401RE.o
 .debug_aranges
                0x00000080       0x20 /opt/gcc-arm-none-eabi/bin/../lib/gcc/arm-none-eabi/12.2.0/../../../../arm-none-eabi/lib/thumb/v7e-m/nofp/libg_nano.a(libc_a-exit.o)
 .debug_aranges
                0x000000a0       0x20 /opt/gcc-arm-none-eabi/bin/../lib/gcc/arm-none-eabi/12.2.0/../../../../arm-none-eabi/lib/thumb/v7e-m/nofp/libg_nano.a(libc_a-init.o)
 .debug_aranges
                0x000000c0       0x28 /opt/gcc-arm-none-eabi/bin/../lib/gcc/arm-none-eabi/12.2.0/../../../../arm-none-eabi/lib/thumb/v7e-m/nofp/libg_nano.a(libc_a-printf.o)
 .debug_aranges
                0x000000e8       0x40 /opt/gcc-arm-none-eabi/bin/../lib/gcc/arm-none-eabi/12.2.0/../../../../arm-none-eabi/lib/thumb/v7e-m/nofp/libg_nano.a(libc_a-nano-vfprintf.o)
 .debug_aranges
                0x00000128       0x28 /opt/gcc-arm-none-eabi/bin/../lib/gcc/arm-none-eabi/12.2.0/../../../../arm-none-eabi/lib/thumb/v7e-m/nofp/libg_nano.a(libc_a-wbuf.o)
 .debug_aranges
                0x00000150       0x20 /opt/gcc-arm-none-eabi/bin/../lib/gcc/arm-none-eabi/12.2.0/../../../../arm-none-eabi/lib/thumb/v7e-m/nofp/libg_nano.a(libc_a-wsetup.o)
 .debug_aranges
                0x00000170       0x28 /opt/gcc-arm-none-eabi/bin/../lib/gcc/arm-none-eabi/12.2.0/../../../../arm-none-eabi/lib/thumb/v7e-m/nofp/libg_nano.a(libc_a-nano-vfprintf_i.o)
 .debug_aranges
                0x00000198       0x18 /opt/gcc-arm-none-eabi/bin/../lib/gcc/arm-none-eabi/12.2.0/../../../../arm-none-eabi/lib/thumb/v7e-m/nofp/libg_nano.a(libc_a-impure.o)
 .debug_aranges
                0x000001b0       0x30 /opt/gcc-arm-none-eabi/bin/../lib/gcc/arm-none-eabi/12.2.0/../../../../arm-none-eabi/lib/thumb/v7e-m/nofp/libg_nano.a(libc_a-fflush.o)
 .debug_aranges
                0x000001e0       0x20 /opt/gcc-arm-none-eabi/bin/../lib/gcc/arm-none-eabi/12.2.0/../../../../arm-none-eabi/lib/thumb/v7e-m/nofp/libg_nano.a(libc_a-memchr.o)
 .debug_aranges
                0x00000200       0x78 /opt/gcc-arm-none-eabi/bin/../lib/gcc/arm-none-eabi/12.2.0/../../../../arm-none-eabi/lib/thumb/v7e-m/nofp/libg_nano.a(libc_a-findfp.o)
 .debug_aranges
                0x00000278       0x40 /opt/gcc-arm-none-eabi/bin/../lib/gcc/arm-none-eabi/12.2.0/../../../../arm-none-eabi/lib/thumb/v7e-m/nofp/libg_nano.a(libc_a-stdio.o)
 .debug_aranges
                0x000002b8       0x20 /opt/gcc-arm-none-eabi/bin/../lib/gcc/arm-none-eabi/12.2.0/../../../../arm-none-eabi/lib/thumb/v7e-m/nofp/libg_nano.a(libc_a-writer.o)
 .debug_aranges
                0x000002d8       0x20 /opt/gcc-arm-none-eabi/bin/../lib/gcc/arm-none-eabi/12.2.0/../../../../arm-none-eabi/lib/thumb/v7e-m/nofp/libg_nano.a(libc_a-errno.o)
 .debug_aranges
                0x000002f8       0x20 /opt/gcc-arm-none-eabi/bin/../lib/gcc/arm-none-eabi/12.2.0/../../../../arm-none-eabi/lib/thumb/v7e-m/nofp/libg_nano.a(libc_a-fvwrite.o)
 .debug_aranges
                0x00000318       0x20 /opt/gcc-arm-none-eabi/bin/../lib/gcc/arm-none-eabi/12.2.0/../../../../arm-none-eabi/lib/thumb/v7e-m/nofp/libg_nano.a(libc_a-fwalk.o)
 .debug_aranges
                0x00000338       0x20 /opt/gcc-arm-none-eabi/bin/../lib/gcc/arm-none-eabi/12.2.0/../../../../arm-none-eabi/lib/thumb/v7e-m/nofp/libg_nano.a(libc_a-memmove.o)
 .debug_aranges
                0x00000358       0x20 /opt/gcc-arm-none-eabi/bin/../lib/gcc/arm-none-eabi/12.2.0/../../../../arm-none-eabi/lib/thumb/v7e-m/nofp/libg_nano.a(libc_a-memset.o)
 .debug_aranges
                0x00000378       0x20 /opt/gcc-arm-none-eabi/bin/../lib/gcc/arm-none-eabi/12.2.0/../../../../arm-none-eabi/lib/thumb/v7e-m/nofp/libg_nano.a(libc_a-reallocr.o)
 .debug_aranges
                0x00000398       0x20 /opt/gcc-arm-none-eabi/bin/../lib/gcc/arm-none-eabi/12.2.0/../../../../arm-none-eabi/lib/thumb/v7e-m/nofp/libg_nano.a(libc_a-freer.o)
 .debug_aranges
                0x000003b8       0x68 /opt/gcc-arm-none-eabi/bin/../lib/gcc/arm-none-eabi/12.2.0/../../../../arm-none-eabi/lib/thumb/v7e-m/nofp/libg_nano.a(libc_a-lock.o)
 .debug_aranges
                0x00000420       0x28 /opt/gcc-arm-none-eabi/bin/../lib/gcc/arm-none-eabi/12.2.0/../../../../arm-none-eabi/lib/thumb/v7e-m/nofp/libg_nano.a(libc_a-makebuf.o)
 .debug_aranges
                0x00000448       0x20 /opt/gcc-arm-none-eabi/bin/../lib/gcc/arm-none-eabi/12.2.0/../../../../arm-none-eabi/lib/thumb/v7e-m/nofp/libg_nano.a(libc_a-closer.o)
 .debug_aranges
                0x00000468       0x20 /opt/gcc-arm-none-eabi/bin/../lib/gcc/arm-none-eabi/12.2.0/../../../../arm-none-eabi/lib/thumb/v7e-m/nofp/libg_nano.a(libc_a-reent.o)
 .debug_aranges
                0x00000488       0x20 /opt/gcc-arm-none-eabi/bin/../lib/gcc/arm-none-eabi/12.2.0/../../../../arm-none-eabi/lib/thumb/v7e-m/nofp/libg_nano.a(libc_a-memcpy-stub.o)
 .debug_aranges
                0x000004a8       0x28 /opt/gcc-arm-none-eabi/bin/../lib/gcc/arm-none-eabi/12.2.0/../../../../arm-none-eabi/lib/thumb/v7e-m/nofp/libg_nano.a(libc_a-mallocr.o)
 .debug_aranges
                0x000004d0       0x20 /opt/gcc-arm-none-eabi/bin/../lib/gcc/arm-none-eabi/12.2.0/../../../../arm-none-eabi/lib/thumb/v7e-m/nofp/libg_nano.a(libc_a-fstatr.o)
 .debug_aranges
                0x000004f0       0x20 /opt/gcc-arm-none-eabi/bin/../lib/gcc/arm-none-eabi/12.2.0/../../../../arm-none-eabi/lib/thumb/v7e-m/nofp/libg_nano.a(libc_a-isattyr.o)
 .debug_aranges
                0x00000510       0x20 /opt/gcc-arm-none-eabi/bin/../lib/gcc/arm-none-eabi/12.2.0/../../../../arm-none-eabi/lib/thumb/v7e-m/nofp/libg_nano.a(libc_a-lseekr.o)
 .debug_aranges
                0x00000530       0x20 /opt/gcc-arm-none-eabi/bin/../lib/gcc/arm-none-eabi/12.2.0/../../../../arm-none-eabi/lib/thumb/v7e-m/nofp/libg_nano.a(libc_a-readr.o)
 .debug_aranges
                0x00000550       0x28 /opt/gcc-arm-none-eabi/bin/../lib/gcc/arm-none-eabi/12.2.0/../../../../arm-none-eabi/lib/thumb/v7e-m/nofp/libg_nano.a(libc_a-mlock.o)
 .debug_aranges
                0x00000578       0x20 /opt/gcc-arm-none-eabi/bin/../lib/gcc/arm-none-eabi/12.2.0/../../../../arm-none-eabi/lib/thumb/v7e-m/nofp/libg_nano.a(libc_a-msizer.o)
 .debug_aranges
                0x00000598       0x20 /opt/gcc-arm-none-eabi/bin/../lib/gcc/arm-none-eabi/12.2.0/../../../../arm-none-eabi/lib/thumb/v7e-m/nofp/libg_nano.a(libc_a-sbrkr.o)

.debug_str      0x00000000     0x21c3
 .debug_str     0x00000000       0xf8 /opt/gcc-arm-none-eabi/bin/../lib/gcc/arm-none-eabi/12.2.0/../../../../arm-none-eabi/lib/thumb/v7e-m/nofp/crt0.o
 .debug_str     0x000000f8      0x401 src/obj/main.o
                                0x45f (size before relaxing)
 .debug_str     0x000004f9      0x229 src/obj/syscalls.o
                                0x5db (size before relaxing)
 .debug_str     0x00000722       0x8b src/obj/startup_STM32F401RE.o
                                0x1a8 (size before relaxing)
 .debug_str     0x000007ad      0x18c /opt/gcc-arm-none-eabi/bin/../lib/gcc/arm-none-eabi/12.2.0/../../../../arm-none-eabi/lib/thumb/v7e-m/nofp/libg_nano.a(libc_a-exit.o)
                                0x22c (size before relaxing)
 .debug_str     0x00000939       0xbf /opt/gcc-arm-none-eabi/bin/../lib/gcc/arm-none-eabi/12.2.0/../../../../arm-none-eabi/lib/thumb/v7e-m/nofp/libg_nano.a(libc_a-init.o)
                                0x267 (size before relaxing)
 .debug_str     0x000009f8      0x354 /opt/gcc-arm-none-eabi/bin/../lib/gcc/arm-none-eabi/12.2.0/../../../../arm-none-eabi/lib/thumb/v7e-m/nofp/libg_nano.a(libc_a-printf.o)
                                0x561 (size before relaxing)
 .debug_str     0x00000d4c      0x321 /opt/gcc-arm-none-eabi/bin/../lib/gcc/arm-none-eabi/12.2.0/../../../../arm-none-eabi/lib/thumb/v7e-m/nofp/libg_nano.a(libc_a-nano-vfprintf.o)
                                0x8d7 (size before relaxing)
 .debug_str     0x0000106d       0x72 /opt/gcc-arm-none-eabi/bin/../lib/gcc/arm-none-eabi/12.2.0/../../../../arm-none-eabi/lib/thumb/v7e-m/nofp/libg_nano.a(libc_a-wbuf.o)
                                0x55c (size before relaxing)